Component: ARM Compiler 5.06 update 7 (build 960) Tool: armlink [4d3601]

==============================================================================

Section Cross References

    startup_stm32f401xc.o(STACK) refers (Special) to heapauxi.o(.text) for __use_two_region_memory
    startup_stm32f401xc.o(HEAP) refers (Special) to heapauxi.o(.text) for __use_two_region_memory
    startup_stm32f401xc.o(RESET) refers (Special) to heapauxi.o(.text) for __use_two_region_memory
    startup_stm32f401xc.o(RESET) refers to startup_stm32f401xc.o(STACK) for __initial_sp
    startup_stm32f401xc.o(RESET) refers to startup_stm32f401xc.o(.text) for Reset_Handler
    startup_stm32f401xc.o(RESET) refers to stm32f4xx_it.o(i.NMI_Handler) for NMI_Handler
    startup_stm32f401xc.o(RESET) refers to stm32f4xx_it.o(i.HardFault_Handler) for HardFault_Handler
    startup_stm32f401xc.o(RESET) refers to stm32f4xx_it.o(i.MemManage_Handler) for MemManage_Handler
    startup_stm32f401xc.o(RESET) refers to stm32f4xx_it.o(i.BusFault_Handler) for BusFault_Handler
    startup_stm32f401xc.o(RESET) refers to stm32f4xx_it.o(i.UsageFault_Handler) for UsageFault_Handler
    startup_stm32f401xc.o(RESET) refers to stm32f4xx_it.o(i.SVC_Handler) for SVC_Handler
    startup_stm32f401xc.o(RESET) refers to stm32f4xx_it.o(i.DebugMon_Handler) for DebugMon_Handler
    startup_stm32f401xc.o(RESET) refers to stm32f4xx_it.o(i.PendSV_Handler) for PendSV_Handler
    startup_stm32f401xc.o(RESET) refers to stm32f4xx_it.o(i.SysTick_Handler) for SysTick_Handler
    startup_stm32f401xc.o(RESET) refers to usmart.o(i.TIM4_IRQHandler) for TIM4_IRQHandler
    startup_stm32f401xc.o(RESET) refers to usart_vangao.o(i.USART1_IRQHandler) for USART1_IRQHandler
    startup_stm32f401xc.o(.text) refers (Special) to heapauxi.o(.text) for __use_two_region_memory
    startup_stm32f401xc.o(.text) refers to system_stm32f4xx.o(i.SystemInit) for SystemInit
    startup_stm32f401xc.o(.text) refers to __main.o(!!!main) for __main
    startup_stm32f401xc.o(.text) refers to startup_stm32f401xc.o(HEAP) for Heap_Mem
    startup_stm32f401xc.o(.text) refers to startup_stm32f401xc.o(STACK) for Stack_Mem
    main.o(i.SystemClock_Config) refers to rt_memclr_w.o(.text) for __aeabi_memclr4
    main.o(i.SystemClock_Config) refers to stm32f4xx_hal_rcc.o(i.HAL_RCC_OscConfig) for HAL_RCC_OscConfig
    main.o(i.SystemClock_Config) refers to stm32f4xx_hal_rcc.o(i.HAL_RCC_ClockConfig) for HAL_RCC_ClockConfig
    main.o(i.main) refers to stm32f4xx_hal.o(i.HAL_Init) for HAL_Init
    main.o(i.main) refers to main.o(i.SystemClock_Config) for SystemClock_Config
    main.o(i.main) refers to gpio.o(i.MX_GPIO_Init) for MX_GPIO_Init
    main.o(i.main) refers to usart.o(i.MX_USART1_UART_Init) for MX_USART1_UART_Init
    main.o(i.main) refers to stm32f4xx_hal.o(i.HAL_Delay) for HAL_Delay
    main.o(i.main) refers to stm32f4xx_hal_gpio.o(i.HAL_GPIO_TogglePin) for HAL_GPIO_TogglePin
    gpio.o(i.MX_GPIO_Init) refers to rt_memclr_w.o(.text) for __aeabi_memclr4
    gpio.o(i.MX_GPIO_Init) refers to stm32f4xx_hal_gpio.o(i.HAL_GPIO_WritePin) for HAL_GPIO_WritePin
    gpio.o(i.MX_GPIO_Init) refers to stm32f4xx_hal_gpio.o(i.HAL_GPIO_Init) for HAL_GPIO_Init
    usart.o(i.HAL_UART_MspDeInit) refers to stm32f4xx_hal_gpio.o(i.HAL_GPIO_DeInit) for HAL_GPIO_DeInit
    usart.o(i.HAL_UART_MspDeInit) refers to stm32f4xx_hal_cortex.o(i.HAL_NVIC_DisableIRQ) for HAL_NVIC_DisableIRQ
    usart.o(i.HAL_UART_MspInit) refers to rt_memclr_w.o(.text) for __aeabi_memclr4
    usart.o(i.HAL_UART_MspInit) refers to stm32f4xx_hal_gpio.o(i.HAL_GPIO_Init) for HAL_GPIO_Init
    usart.o(i.HAL_UART_MspInit) refers to stm32f4xx_hal_cortex.o(i.HAL_NVIC_SetPriority) for HAL_NVIC_SetPriority
    usart.o(i.HAL_UART_MspInit) refers to stm32f4xx_hal_cortex.o(i.HAL_NVIC_EnableIRQ) for HAL_NVIC_EnableIRQ
    usart.o(i.MX_USART1_UART_Init) refers to stm32f4xx_hal_uart.o(i.HAL_UART_Init) for HAL_UART_Init
    usart.o(i.MX_USART1_UART_Init) refers to main.o(i.Error_Handler) for Error_Handler
    usart.o(i.MX_USART1_UART_Init) refers to usart.o(.bss) for .bss
    stm32f4xx_it.o(i.SysTick_Handler) refers to stm32f4xx_hal.o(i.HAL_IncTick) for HAL_IncTick
    stm32f4xx_hal_tim.o(i.HAL_TIM_Base_DeInit) refers to stm32f4xx_hal_tim.o(i.HAL_TIM_Base_MspDeInit) for HAL_TIM_Base_MspDeInit
    stm32f4xx_hal_tim.o(i.HAL_TIM_Base_Init) refers to stm32f4xx_hal_tim.o(i.TIM_ResetCallback) for TIM_ResetCallback
    stm32f4xx_hal_tim.o(i.HAL_TIM_Base_Init) refers to stm32f4xx_hal_tim.o(i.TIM_Base_SetConfig) for TIM_Base_SetConfig
    stm32f4xx_hal_tim.o(i.HAL_TIM_Base_Init) refers to stm32f4xx_hal_tim.o(i.HAL_TIM_Base_MspInit) for HAL_TIM_Base_MspInit
    stm32f4xx_hal_tim.o(i.HAL_TIM_Base_Start_DMA) refers to stm32f4xx_hal_dma.o(i.HAL_DMA_Start_IT) for HAL_DMA_Start_IT
    stm32f4xx_hal_tim.o(i.HAL_TIM_Base_Start_DMA) refers to stm32f4xx_hal_tim.o(i.TIM_DMAPeriodElapsedCplt) for TIM_DMAPeriodElapsedCplt
[...]
    ../clib/memcpset.s                       0x00000000   Number         0  rt_memclr_w.o ABSOLUTE
    ../clib/misc.s                           0x00000000   Number         0  printf_stubs.o ABSOLUTE
    ../clib/printf.c                         0x00000000   Number         0  __printf_wp.o ABSOLUTE
    ../clib/printf.c                         0x00000000   Number         0  __printf_ss.o ABSOLUTE
    ../clib/printf.c                         0x00000000   Number         0  __printf_flags.o ABSOLUTE
    ../clib/printf.c                         0x00000000   Number         0  _printf_hex_int_ll_ptr.o ABSOLUTE
    ../clib/printf.c                         0x00000000   Number         0  _printf_hex_ll_ptr.o ABSOLUTE
    ../clib/printf.c                         0x00000000   Number         0  __printf_flags_ss.o ABSOLUTE
    ../clib/printf.c                         0x00000000   Number         0  _printf_hex_int_ptr.o ABSOLUTE
    ../clib/printf.c                         0x00000000   Number         0  _printf_hex_ptr.o ABSOLUTE
    ../clib/printf.c                         0x00000000   Number         0  _printf_hex_int_ll.o ABSOLUTE
    ../clib/printf.c                         0x00000000   Number         0  _printf_hex_int.o ABSOLUTE
    ../clib/printf.c                         0x00000000   Number         0  _printf_hex_ll.o ABSOLUTE
    ../clib/printf.c                         0x00000000   Number         0  _printf_dec.o ABSOLUTE
    ../clib/printf.c                         0x00000000   Number         0  _printf_str.o ABSOLUTE
    ../clib/printf.c                         0x00000000   Number         0  _printf_pad.o ABSOLUTE
    ../clib/printf.c                         0x00000000   Number         0  __printf.o ABSOLUTE
    ../clib/printf.c                         0x00000000   Number         0  noretval__2printf.o ABSOLUTE
    ../clib/printf.c                         0x00000000   Number         0  __2printf.o ABSOLUTE
    ../clib/printf.c                         0x00000000   Number         0  _printf_char_common.o ABSOLUTE
    ../clib/printf.c                         0x00000000   Number         0  __printf_nopercent.o ABSOLUTE
    ../clib/printf.c                         0x00000000   Number         0  _printf_char_file.o ABSOLUTE
    ../clib/printf.c                         0x00000000   Number         0  _printf_char.o ABSOLUTE
    ../clib/printf.c                         0x00000000   Number         0  _printf_intcommon.o ABSOLUTE
    ../clib/printf.c                         0x00000000   Number         0  __printf_flags_ss_wp.o ABSOLUTE
    ../clib/printf.c                         0x00000000   Number         0  __printf_ss_wp.o ABSOLUTE
    ../clib/printf.c                         0x00000000   Number         0  __printf_flags_wp.o ABSOLUTE
    ../clib/printf_percent.s                 0x00000000   Number         0  _printf_percent_end.o ABSOLUTE
    ../clib/printf_percent.s                 0x00000000   Number         0  _printf_x.o ABSOLUTE
    ../clib/printf_percent.s                 0x00000000   Number         0  _printf_d.o ABSOLUTE
    ../clib/printf_percent.s                 0x00000000   Number         0  _printf_u.o ABSOLUTE
    ../clib/printf_percent.s                 0x00000000   Number         0  _printf_percent.o ABSOLUTE
    ../clib/printf_percent.s                 0x00000000   Number         0  _printf_c.o ABSOLUTE
    ../clib/printf_percent.s                 0x00000000   Number         0  _printf_s.o ABSOLUTE
    ../clib/signal.c                         0x00000000   Number         0  defsig_exit.o ABSOLUTE
    ../clib/signal.c                         0x00000000   Number         0  defsig_rtred_inner.o ABSOLUTE
    ../clib/signal.c                         0x00000000   Number         0  defsig_fpe_inner.o ABSOLUTE
    ../clib/signal.c                         0x00000000   Number         0  defsig_rtmem_inner.o ABSOLUTE
    ../clib/signal.c                         0x00000000   Number         0  defsig_fpe_formal.o ABSOLUTE
    ../clib/signal.c                         0x00000000   Number         0  defsig_rtmem_formal.o ABSOLUTE
    ../clib/signal.c                         0x00000000   Number         0  defsig_stak_inner.o ABSOLUTE
    ../clib/signal.c                         0x00000000   Number         0  defsig_pvfn_inner.o ABSOLUTE
    ../clib/signal.c                         0x00000000   Number         0  defsig_cppl_inner.o ABSOLUTE
    ../clib/signal.c                         0x00000000   Number         0  defsig_rtmem_outer.o ABSOLUTE
    ../clib/signal.c                         0x00000000   Number         0  defsig_fpe_outer.o ABSOLUTE
    ../clib/signal.c                         0x00000000   Number         0  defsig_segv_inner.o ABSOLUTE
    ../clib/signal.c                         0x00000000   Number         0  defsig_other.o ABSOLUTE
    ../clib/signal.c                         0x00000000   Number         0  defsig_abrt_inner.o ABSOLUTE
    ../clib/signal.c                         0x00000000   Number         0  __raise.o ABSOLUTE
    ../clib/signal.c                         0x00000000   Number         0  defsig_general.o ABSOLUTE
    ../clib/signal.s                         0x00000000   Number         0  defsig.o ABSOLUTE
    ../clib/stdio.c                          0x00000000   Number         0  ferror_locked.o ABSOLUTE
    ../clib/stdio.c                          0x00000000   Number         0  ferror.o ABSOLUTE
    ../clib/stdlib.c                         0x00000000   Number         0  exit.o ABSOLUTE
    ../fplib/fpinit.s                        0x00000000   Number         0  fpinit.o ABSOLUTE
    ..\Core\Src\gpio.c                       0x00000000   Number         0  gpio.o ABSOLUTE
    ..\Core\Src\main.c                       0x00000000   Number         0  main.o ABSOLUTE
    ..\Core\Src\stm32f4xx_hal_msp.c          0x00000000   Number         0  stm32f4xx_hal_msp.o ABSOLUTE
    ..\Core\Src\stm32f4xx_it.c               0x00000000   Number         0  stm32f4xx_it.o ABSOLUTE
    ..\Core\Src\system_stm32f4xx.c           0x00000000   Number         0  system_stm32f4xx.o ABSOLUTE
    ..\Core\Src\usart.c                      0x00000000   Number         0  usart.o ABSOLUTE
    ..\Drivers\STM32F4xx_HAL_Driver\Src\stm32f4xx_hal.c 0x00000000   Number         0  stm32f4xx_hal.o ABSOLUTE
    ..\Drivers\STM32F4xx_HAL_Driver\Src\stm32f4xx_hal_cortex.c 0x00000000   Number         0  stm32f4xx_hal_cortex.o ABSOLUTE
    ..\Drivers\STM32F4xx_HAL_Driver\Src\stm32f4xx_hal_dma.c 0x00000000   Number         0  stm32f4xx_hal_dma.o ABSOLUTE
    ..\Drivers\STM32F4xx_HAL_Driver\Src\stm32f4xx_hal_dma_ex.c 0x00000000   Number         0  stm32f4xx_hal_dma_ex.o ABSOLUTE
    ..\Drivers\STM32F4xx_HAL_Driver\Src\stm32f4xx_hal_exti.c 0x00000000   Number         0  stm32f4xx_hal_exti.o ABSOLUTE
    ..\Drivers\STM32F4xx_HAL_Driver\Src\stm32f4xx_hal_flash.c 0x00000000   Number         0  stm32f4xx_hal_flash.o ABSOLUTE
    ..\Drivers\STM32F4xx_HAL_Driver\Src\stm32f4xx_hal_flash_ex.c 0x00000000   Number         0  stm32f4xx_hal_flash_ex.o ABSOLUTE
    ..\Drivers\STM32F4xx_HAL_Driver\Src\stm32f4xx_hal_flash_ramfunc.c 0x00000000   Number         0  stm32f4xx_hal_flash_ramfunc.o ABSOLUTE
    ..\Drivers\STM32F4xx_HAL_Driver\Src\stm32f4xx_hal_gpio.c 0x00000000   Number         0  stm32f4xx_hal_gpio.o ABSOLUTE
    ..\Drivers\STM32F4xx_HAL_Driver\Src\stm32f4xx_hal_pwr.c 0x00000000   Number         0  stm32f4xx_hal_pwr.o ABSOLUTE
    ..\Drivers\STM32F4xx_HAL_Driver\Src\stm32f4xx_hal_pwr_ex.c 0x00000000   Number         0  stm32f4xx_hal_pwr_ex.o ABSOLUTE
    ..\Drivers\STM32F4xx_HAL_Driver\Src\stm32f4xx_hal_rcc.c 0x00000000   Number         0  stm32f4xx_hal_rcc.o ABSOLUTE
    ..\Drivers\STM32F4xx_HAL_Driver\Src\stm32f4xx_hal_rcc_ex.c 0x00000000   Number         0  stm32f4xx_hal_rcc_ex.o ABSOLUTE
    ..\Drivers\STM32F4xx_HAL_Driver\Src\stm32f4xx_hal_tim.c 0x00000000   Number         0  stm32f4xx_hal_tim.o ABSOLUTE
    ..\Drivers\STM32F4xx_HAL_Driver\Src\stm32f4xx_hal_tim_ex.c 0x00000000   Number         0  stm32f4xx_hal_tim_ex.o ABSOLUTE
    ..\Drivers\STM32F4xx_HAL_Driver\Src\stm32f4xx_hal_uart.c 0x00000000   Number         0  stm32f4xx_hal_uart.o ABSOLUTE
    ..\Vangao\SYSTEM\delay\delay.c           0x00000000   Number         0  delay.o ABSOLUTE
    ..\Vangao\SYSTEM\sys\sys.c               0x00000000   Number         0  sys.o ABSOLUTE
    ..\Vangao\SYSTEM\usart\usart_vangao.c    0x00000000   Number         0  usart_vangao.o ABSOLUTE
    ..\Vangao\USMART\usmart.c                0x00000000   Number         0  usmart.o ABSOLUTE
    ..\Vangao\USMART\usmart_config.c         0x00000000   Number         0  usmart_config.o ABSOLUTE
    ..\Vangao\USMART\usmart_str.c            0x00000000   Number         0  usmart_str.o ABSOLUTE
    ..\\Vangao\\SYSTEM\\delay\\delay.c       0x00000000   Number         0  delay.o ABSOLUTE
    ..\\Vangao\\SYSTEM\\sys\\sys.c           0x00000000   Number         0  sys.o ABSOLUTE
    ..\\Vangao\\SYSTEM\\usart\\usart_vangao.c 0x00000000   Number         0  usart_vangao.o ABSOLUTE
    ..\\Vangao\\USMART\\usmart.c             0x00000000   Number         0  usmart.o ABSOLUTE
    ..\\Vangao\\USMART\\usmart_config.c      0x00000000   Number         0  usmart_config.o ABSOLUTE
    ..\\Vangao\\USMART\\usmart_str.c         0x00000000   Number         0  usmart_str.o ABSOLUTE
    dc.s                                     0x00000000   Number         0  dc.o ABSOLUTE
    startup_stm32f401xc.s                    0x00000000   Number         0  startup_stm32f401xc.o ABSOLUTE
    RESET                                    0x08000000   Section      404  startup_stm32f401xc.o(RESET)
    !!!main                                  0x08000194   Section        8  __main.o(!!!main)
    !!!scatter                               0x0800019c   Section       52  __scatter.o(!!!scatter)
    !!dczerorl2                              0x080001d0   Section       90  __dczerorl2.o(!!dczerorl2)
    !!handler_zi                             0x0800022c   Section       28  __scatter_zi.o(!!handler_zi)
    .ARM.Collect$$_printf_percent$$00000000  0x08000248   Section        0  _printf_percent.o(.ARM.Collect$$_printf_percent$$00000000)
    .ARM.Collect$$_printf_percent$$00000009  0x08000248   Section        6  _printf_d.o(.ARM.Collect$$_printf_percent$$00000009)
    .ARM.Collect$$_printf_percent$$0000000A  0x0800024e   Section        6  _printf_u.o(.ARM.Collect$$_printf_percent$$0000000A)
    .ARM.Collect$$_printf_percent$$0000000C  0x08000254   Section        6  _printf_x.o(.ARM.Collect$$_printf_percent$$0000000C)
    .ARM.Collect$$_printf_percent$$00000013  0x0800025a   Section        6  _printf_c.o(.ARM.Collect$$_printf_percent$$00000013)
    .ARM.Collect$$_printf_percent$$00000014  0x08000260   Section        6  _printf_s.o(.ARM.Collect$$_printf_percent$$00000014)
    .ARM.Collect$$_printf_percent$$00000017  0x08000266   Section        4  _printf_percent_end.o(.ARM.Collect$$_printf_percent$$00000017)
    .ARM.Collect$$libinit$$00000000          0x0800026a   Section        2  libinit.o(.ARM.Collect$$libinit$$00000000)
    .ARM.Collect$$libinit$$00000001          0x0800026c   Section        4  libinit2.o(.ARM.Collect$$libinit$$00000001)
    .ARM.Collect$$libinit$$00000004          0x08000270   Section        0  libinit2.o(.ARM.Collect$$libinit$$00000004)
    .ARM.Collect$$libinit$$0000000A          0x08000270   Section        0  libinit2.o(.ARM.Collect$$libinit$$0000000A)
    .ARM.Collect$$libinit$$0000000C          0x08000270   Section        0  libinit2.o(.ARM.Collect$$libinit$$0000000C)
    .ARM.Collect$$libinit$$0000000E          0x08000270   Section        0  libinit2.o(.ARM.Collect$$libinit$$0000000E)
    .ARM.Collect$$libinit$$00000011          0x08000270   Section        0  libinit2.o(.ARM.Collect$$libinit$$00000011)
    .ARM.Collect$$libinit$$00000013          0x08000270   Section        0  libinit2.o(.ARM.Collect$$libinit$$00000013)
    .ARM.Collect$$libinit$$00000015          0x08000270   Section        0  libinit2.o(.ARM.Collect$$libinit$$00000015)
    .ARM.Collect$$libinit$$00000017          0x08000270   Section        0  libinit2.o(.ARM.Collect$$libinit$$00000017)
    .ARM.Collect$$libinit$$00000019          0x08000270   Section        0  libinit2.o(.ARM.Collect$$libinit$$00000019)
    .ARM.Collect$$libinit$$0000001B          0x08000270   Section        0  libinit2.o(.ARM.Collect$$libinit$$0000001B)
    .ARM.Collect$$libinit$$0000001D          0x08000270   Section        0  libinit2.o(.ARM.Collect$$libinit$$0000001D)
    .ARM.Collect$$libinit$$0000001F          0x08000270   Section        0  libinit2.o(.ARM.Collect$$libinit$$0000001F)
    .ARM.Collect$$libinit$$00000021          0x08000270   Section        0  libinit2.o(.ARM.Collect$$libinit$$00000021)
    .ARM.Collect$$libinit$$00000023          0x08000270   Section        0  libinit2.o(.ARM.Collect$$libinit$$00000023)
    .ARM.Collect$$libinit$$00000025          0x08000270   Section        0  libinit2.o(.ARM.Collect$$libinit$$00000025)
    .ARM.Collect$$libinit$$0000002C          0x08000270   Section        0  libinit2.o(.ARM.Collect$$libinit$$0000002C)
    .ARM.Collect$$libinit$$0000002E          0x08000270   Section        0  libinit2.o(.ARM.Collect$$libinit$$0000002E)
    .ARM.Collect$$libinit$$00000030          0x08000270   Section        0  libinit2.o(.ARM.Collect$$libinit$$00000030)
    .ARM.Collect$$libinit$$00000032          0x08000270   Section        0  libinit2.o(.ARM.Collect$$libinit$$00000032)
    .ARM.Collect$$libinit$$00000033          0x08000270   Section        2  libinit2.o(.ARM.Collect$$libinit$$00000033)
    .ARM.Collect$$libshutdown$$00000000      0x08000272   Section        2  libshutdown.o(.ARM.Collect$$libshutdown$$00000000)
    .ARM.Collect$$libshutdown$$00000002      0x08000274   Section        0  libshutdown2.o(.ARM.Collect$$libshutdown$$00000002)
    .ARM.Collect$$libshutdown$$00000004      0x08000274   Section        0  libshutdown2.o(.ARM.Collect$$libshutdown$$00000004)
    .ARM.Collect$$libshutdown$$00000006      0x08000274   Section        0  libshutdown2.o(.ARM.Collect$$libshutdown$$00000006)
    .ARM.Collect$$libshutdown$$00000009      0x08000274   Section        0  libshutdown2.o(.ARM.Collect$$libshutdown$$00000009)
    .ARM.Collect$$libshutdown$$0000000C      0x08000274   Section        0  libshutdown2.o(.ARM.Collect$$libshutdown$$0000000C)
    .ARM.Collect$$libshutdown$$0000000E      0x08000274   Section        0  libshutdown2.o(.ARM.Collect$$libshutdown$$0000000E)
    .ARM.Collect$$libshutdown$$00000011      0x08000274   Section        0  libshutdown2.o(.ARM.Collect$$libshutdown$$00000011)
    .ARM.Collect$$libshutdown$$00000012      0x08000274   Section        2  libshutdown2.o(.ARM.Collect$$libshutdown$$00000012)
    .ARM.Collect$$rtentry$$00000000          0x08000276   Section        0  __rtentry.o(.ARM.Collect$$rtentry$$00000000)
    .ARM.Collect$$rtentry$$00000002          0x08000276   Section        0  __rtentry2.o(.ARM.Collect$$rtentry$$00000002)
    .ARM.Collect$$rtentry$$00000004          0x08000276   Section        6  __rtentry4.o(.ARM.Collect$$rtentry$$00000004)
    .ARM.Collect$$rtentry$$00000009          0x0800027c   Section        0  __rtentry2.o(.ARM.Collect$$rtentry$$00000009)
    .ARM.Collect$$rtentry$$0000000A          0x0800027c   Section        4  __rtentry2.o(.ARM.Collect$$rtentry$$0000000A)
    .ARM.Collect$$rtentry$$0000000C          0x08000280   Section        0  __rtentry2.o(.ARM.Collect$$rtentry$$0000000C)
    .ARM.Collect$$rtentry$$0000000D          0x08000280   Section        8  __rtentry2.o(.ARM.Collect$$rtentry$$0000000D)
    .ARM.Collect$$rtexit$$00000000           0x08000288   Section        2  rtexit.o(.ARM.Collect$$rtexit$$00000000)
    .ARM.Collect$$rtexit$$00000002           0x0800028a   Section        0  rtexit2.o(.ARM.Collect$$rtexit$$00000002)
    .ARM.Collect$$rtexit$$00000003           0x0800028a   Section        4  rtexit2.o(.ARM.Collect$$rtexit$$00000003)
    .ARM.Collect$$rtexit$$00000004           0x0800028e   Section        6  rtexit2.o(.ARM.Collect$$rtexit$$00000004)
    .text                                    0x08000294   Section       64  startup_stm32f401xc.o(.text)
    $v0                                      0x08000294   Number         0  startup_stm32f401xc.o(.text)
    .text                                    0x080002d4   Section        2  use_no_semi_2.o(.text)
    .text                                    0x080002d6   Section      238  lludivv7m.o(.text)
    .text                                    0x080003c4   Section        0  noretval__2printf.o(.text)
    .text                                    0x080003dc   Section        0  _printf_pad.o(.text)
    .text                                    0x0800042a   Section        0  _printf_str.o(.text)
    .text                                    0x0800047c   Section        0  _printf_dec.o(.text)
    .text                                    0x080004f4   Section        0  _printf_hex_int.o(.text)
    .text                                    0x0800054c   Section        0  __printf_flags_ss_wp.o(.text)
    .text                                    0x080006d4   Section       78  rt_memclr_w.o(.text)
    .text                                    0x08000722   Section        0  heapauxi.o(.text)
    .text                                    0x08000728   Section        2  use_no_semi.o(.text)
    .text                                    0x0800072a   Section        0  _printf_intcommon.o(.text)
    .text                                    0x080007dc   Section        0  _printf_char.o(.text)
    .text                                    0x08000808   Section        0  _printf_char_file.o(.text)
    .text                                    0x0800082c   Section        0  _printf_char_common.o(.text)
    _printf_input_char                       0x0800082d   Thumb Code    10  _printf_char_common.o(.text)
    .text                                    0x0800085c   Section        0  ferror.o(.text)
    .text                                    0x08000864   Section       74  sys_stackheap_outer.o(.text)
    .text                                    0x080008ae   Section        0  exit.o(.text)
    .text                                    0x080008c0   Section        8  libspace.o(.text)
    i.BusFault_Handler                       0x080008c8   Section        0  stm32f4xx_it.o(i.BusFault_Handler)
    i.DebugMon_Handler                       0x080008ca   Section        0  stm32f4xx_it.o(i.DebugMon_Handler)
    i.Error_Handler                          0x080008cc   Section        0  main.o(i.Error_Handler)
    i.HAL_DMA_Abort                          0x080008d0   Section        0  stm32f4xx_hal_dma.o(i.HAL_DMA_Abort)
    i.HAL_DMA_Abort_IT                       0x08000962   Section        0  stm32f4xx_hal_dma.o(i.HAL_DMA_Abort_IT)
    i.HAL_Delay                              0x08000988   Section        0  stm32f4xx_hal.o(i.HAL_Delay)
    i.HAL_GPIO_Init                          0x080009ac   Section        0  stm32f4xx_hal_gpio.o(i.HAL_GPIO_Init)
    i.HAL_GPIO_TogglePin                     0x08000b8c   Section        0  stm32f4xx_hal_gpio.o(i.HAL_GPIO_TogglePin)
    i.HAL_GPIO_WritePin                      0x08000b9c   Section        0  stm32f4xx_hal_gpio.o(i.HAL_GPIO_WritePin)
    i.HAL_GetTick                            0x08000ba8   Section        0  stm32f4xx_hal.o(i.HAL_GetTick)
    i.HAL_IncTick                            0x08000bb4   Section        0  stm32f4xx_hal.o(i.HAL_IncTick)
    i.HAL_Init                               0x08000bc4   Section        0  stm32f4xx_hal.o(i.HAL_Init)
    i.HAL_InitTick                           0x08000bf8   Section        0  stm32f4xx_hal.o(i.HAL_InitTick)
    i.HAL_MspInit                            0x08000c38   Section        0  stm32f4xx_hal_msp.o(i.HAL_MspInit)
    i.HAL_NVIC_EnableIRQ                     0x08000c68   Section        0  stm32f4xx_hal_cortex.o(i.HAL_NVIC_EnableIRQ)
    i.HAL_NVIC_SetPriority                   0x08000c84   Section        0  stm32f4xx_hal_cortex.o(i.HAL_NVIC_SetPriority)
    i.HAL_NVIC_SetPriorityGrouping           0x08000cc4   Section        0  stm32f4xx_hal_cortex.o(i.HAL_NVIC_SetPriorityGrouping)
    i.HAL_RCC_ClockConfig                    0x08000ce8   Section        0  stm32f4xx_hal_rcc.o(i.HAL_RCC_ClockConfig)
    i.HAL_RCC_GetPCLK1Freq                   0x08000e1c   Section        0  stm32f4xx_hal_rcc.o(i.HAL_RCC_GetPCLK1Freq)
    i.HAL_RCC_GetPCLK2Freq                   0x08000e3c   Section        0  stm32f4xx_hal_rcc.o(i.HAL_RCC_GetPCLK2Freq)
    i.HAL_RCC_GetSysClockFreq                0x08000e5c   Section        0  stm32f4xx_hal_rcc.o(i.HAL_RCC_GetSysClockFreq)
    i.HAL_RCC_OscConfig                      0x08000ec0   Section        0  stm32f4xx_hal_rcc.o(i.HAL_RCC_OscConfig)
    i.HAL_SYSTICK_Config                     0x0800122c   Section        0  stm32f4xx_hal_cortex.o(i.HAL_SYSTICK_Config)
    i.HAL_TIMEx_BreakCallback                0x08001254   Section        0  stm32f4xx_hal_tim_ex.o(i.HAL_TIMEx_BreakCallback)
    i.HAL_TIMEx_CommutCallback               0x08001256   Section        0  stm32f4xx_hal_tim_ex.o(i.HAL_TIMEx_CommutCallback)
    i.HAL_TIMEx_CommutHalfCpltCallback       0x08001258   Section        0  stm32f4xx_hal_tim_ex.o(i.HAL_TIMEx_CommutHalfCpltCallback)
    i.HAL_TIM_Base_Init                      0x0800125c   Section        0  stm32f4xx_hal_tim.o(i.HAL_TIM_Base_Init)
    i.HAL_TIM_Base_MspInit                   0x080012c8   Section        0  stm32f4xx_hal_tim.o(i.HAL_TIM_Base_MspInit)
    i.HAL_TIM_Base_Start_IT                  0x080012cc   Section        0  stm32f4xx_hal_tim.o(i.HAL_TIM_Base_Start_IT)
    i.HAL_TIM_ErrorCallback                  0x08001338   Section        0  stm32f4xx_hal_tim.o(i.HAL_TIM_ErrorCallback)
    i.HAL_TIM_IC_CaptureCallback             0x0800133a   Section        0  stm32f4xx_hal_tim.o(i.HAL_TIM_IC_CaptureCallback)
    i.HAL_TIM_IC_CaptureHalfCpltCallback     0x0800133c   Section        0  stm32f4xx_hal_tim.o(i.HAL_TIM_IC_CaptureHalfCpltCallback)
    i.HAL_TIM_OC_DelayElapsedCallback        0x0800133e   Section        0  stm32f4xx_hal_tim.o(i.HAL_TIM_OC_DelayElapsedCallback)
    i.HAL_TIM_PWM_PulseFinishedCallback      0x08001340   Section        0  stm32f4xx_hal_tim.o(i.HAL_TIM_PWM_PulseFinishedCallback)
    i.HAL_TIM_PWM_PulseFinishedHalfCpltCallback 0x08001342   Section        0  stm32f4xx_hal_tim.o(i.HAL_TIM_PWM_PulseFinishedHalfCpltCallback)
    i.HAL_TIM_PeriodElapsedCallback          0x08001344   Section        0  stm32f4xx_hal_tim.o(i.HAL_TIM_PeriodElapsedCallback)
    i.HAL_TIM_PeriodElapsedHalfCpltCallback  0x08001346   Section        0  stm32f4xx_hal_tim.o(i.HAL_TIM_PeriodElapsedHalfCpltCallback)
    i.HAL_TIM_TriggerCallback                0x08001348   Section        0  stm32f4xx_hal_tim.o(i.HAL_TIM_TriggerCallback)
    i.HAL_TIM_TriggerHalfCpltCallback        0x0800134a   Section        0  stm32f4xx_hal_tim.o(i.HAL_TIM_TriggerHalfCpltCallback)
    i.HAL_UARTEx_RxEventCallback             0x0800134c   Section        0  stm32f4xx_hal_uart.o(i.HAL_UARTEx_RxEventCallback)
    i.HAL_UART_ErrorCallback                 0x0800134e   Section        0  stm32f4xx_hal_uart.o(i.HAL_UART_ErrorCallback)
    i.HAL_UART_GetState                      0x08001350   Section        0  stm32f4xx_hal_uart.o(i.HAL_UART_GetState)
    i.HAL_UART_IRQHandler                    0x0800135c   Section        0  stm32f4xx_hal_uart.o(i.HAL_UART_IRQHandler)
    i.HAL_UART_Init                          0x080015c4   Section        0  stm32f4xx_hal_uart.o(i.HAL_UART_Init)
    i.HAL_UART_MspInit                       0x08001628   Section        0  usart.o(i.HAL_UART_MspInit)
    i.HAL_UART_Receive_IT                    0x080016a4   Section        0  stm32f4xx_hal_uart.o(i.HAL_UART_Receive_IT)
    i.HAL_UART_RxCpltCallback                0x080016d0   Section        0  usart_vangao.o(i.HAL_UART_RxCpltCallback)
    i.HAL_UART_TxCpltCallback                0x08001728   Section        0  stm32f4xx_hal_uart.o(i.HAL_UART_TxCpltCallback)
    i.HardFault_Handler                      0x0800172a   Section        0  stm32f4xx_it.o(i.HardFault_Handler)
    i.MX_GPIO_Init                           0x0800172c   Section        0  gpio.o(i.MX_GPIO_Init)
    i.MX_USART1_UART_Init                    0x08001798   Section        0  usart.o(i.MX_USART1_UART_Init)
    i.MemManage_Handler                      0x080017d0   Section        0  stm32f4xx_it.o(i.MemManage_Handler)
    i.NMI_Handler                            0x080017d2   Section        0  stm32f4xx_it.o(i.NMI_Handler)
    i.PendSV_Handler                         0x080017d4   Section        0  stm32f4xx_it.o(i.PendSV_Handler)
    i.SVC_Handler                            0x080017d6   Section        0  stm32f4xx_it.o(i.SVC_Handler)
    i.SysTick_Handler                        0x080017d8   Section        0  stm32f4xx_it.o(i.SysTick_Handler)
    i.SystemClock_Config                     0x080017dc   Section        0  main.o(i.SystemClock_Config)
    i.SystemInit                             0x08001870   Section        0  system_stm32f4xx.o(i.SystemInit)
    i.TIM4_IRQHandler                        0x08001880   Section        0  usmart.o(i.TIM4_IRQHandler)
    i.TIM_Base_SetConfig                     0x080018b4   Section        0  stm32f4xx_hal_tim.o(i.TIM_Base_SetConfig)
    i.TIM_ResetCallback                      0x0800194c   Section        0  stm32f4xx_hal_tim.o(i.TIM_ResetCallback)
    i.Timer4_Init                            0x080019b8   Section        0  usmart.o(i.Timer4_Init)
    i.UART_DMAAbortOnError                   0x08001a0c   Section        0  stm32f4xx_hal_uart.o(i.UART_DMAAbortOnError)
    UART_DMAAbortOnError                     0x08001a0d   Thumb Code    16  stm32f4xx_hal_uart.o(i.UART_DMAAbortOnError)
    i.UART_EndRxTransfer                     0x08001a1c   Section        0  stm32f4xx_hal_uart.o(i.UART_EndRxTransfer)
    UART_EndRxTransfer                       0x08001a1d   Thumb Code    78  stm32f4xx_hal_uart.o(i.UART_EndRxTransfer)
    i.UART_Receive_IT                        0x08001a6a   Section        0  stm32f4xx_hal_uart.o(i.UART_Receive_IT)
    UART_Receive_IT                          0x08001a6b   Thumb Code   192  stm32f4xx_hal_uart.o(i.UART_Receive_IT)
    i.UART_SetConfig                         0x08001b2c   Section        0  stm32f4xx_hal_uart.o(i.UART_SetConfig)
    UART_SetConfig                           0x08001b2d   Thumb Code   258  stm32f4xx_hal_uart.o(i.UART_SetConfig)
    i.UART_Start_Receive_IT                  0x08001c38   Section        0  stm32f4xx_hal_uart.o(i.UART_Start_Receive_IT)
    i.USART1_IRQHandler                      0x08001c70   Section        0  usart_vangao.o(i.USART1_IRQHandler)
    i.UsageFault_Handler                     0x08001c9c   Section        0  stm32f4xx_it.o(i.UsageFault_Handler)
    i.__NVIC_SetPriority                     0x08001c9e   Section        0  stm32f4xx_hal_cortex.o(i.__NVIC_SetPriority)
    __NVIC_SetPriority                       0x08001c9f   Thumb Code    32  stm32f4xx_hal_cortex.o(i.__NVIC_SetPriority)
    i._is_digit                              0x08001cbe   Section        0  __printf_wp.o(i._is_digit)
    i._sys_exit                              0x08001ccc   Section        0  usart_vangao.o(i._sys_exit)
    i.delay_ms                               0x08001cce   Section        0  delay.o(i.delay_ms)
    i.delay_us                               0x08001ce8   Section        0  delay.o(i.delay_us)
    i.fputc                                  0x08001d1c   Section        0  usart_vangao.o(i.fputc)
    i.main                                   0x08001d30   Section        0  main.o(i.main)
    i.read_addr                              0x08001d5c   Section        0  usmart.o(i.read_addr)
    i.usmart_cmd_rec                         0x08001d60   Section        0  usmart.o(i.usmart_cmd_rec)
    i.usmart_exe                             0x08001df4   Section        0  usmart.o(i.usmart_exe)
    i.usmart_get_aparm                       0x08002058   Section        0  usmart_str.o(i.usmart_get_aparm)
    i.usmart_get_cmdname                     0x080020fe   Section        0  usmart_str.o(i.usmart_get_cmdname)
    i.usmart_get_fname                       0x0800212c   Section        0  usmart_str.o(i.usmart_get_fname)
    i.usmart_get_fparam                      0x0800229c   Section        0  usmart_str.o(i.usmart_get_fparam)
    i.usmart_get_parmpos                     0x08002370   Section        0  usmart_str.o(i.usmart_get_parmpos)
    i.usmart_get_runtime                     0x08002394   Section        0  usmart.o(i.usmart_get_runtime)
    i.usmart_init                            0x080023c4   Section        0  usmart.o(i.usmart_init)
    i.usmart_pow                             0x080023ec   Section        0  usmart_str.o(i.usmart_pow)
    i.usmart_reset_runtime                   0x080023fc   Section        0  usmart.o(i.usmart_reset_runtime)
    i.usmart_scan                            0x08002424   Section        0  usmart.o(i.usmart_scan)
    i.usmart_search_nextc                    0x080024c8   Section        0  usmart_str.o(i.usmart_search_nextc)
    i.usmart_str2num                         0x080024d8   Section        0  usmart_str.o(i.usmart_str2num)
    i.usmart_strcmp                          0x080025ae   Section        0  usmart_str.o(i.usmart_strcmp)
    i.usmart_strcopy                         0x080025c6   Section        0  usmart_str.o(i.usmart_strcopy)
    i.usmart_strlen                          0x080025d8   Section        0  usmart_str.o(i.usmart_strlen)
    i.usmart_sys_cmd_exe                     0x080025ec   Section        0  usmart.o(i.usmart_sys_cmd_exe)
    i.write_addr                             0x08002c6c   Section        0  usmart.o(i.write_addr)
    x$fpl$fpinit                             0x08002c70   Section       10  fpinit.o(x$fpl$fpinit)
    $v0                                      0x08002c70   Number         0  fpinit.o(x$fpl$fpinit)
    .constdata                               0x08002c7a   Section       16  system_stm32f4xx.o(.constdata)
    .constdata                               0x08002c8a   Section        8  system_stm32f4xx.o(.constdata)
    .constdata                               0x08002c92   Section       40  _printf_hex_int.o(.constdata)
    uc_hextab                                0x08002c92   Data          20  _printf_hex_int.o(.constdata)
    lc_hextab                                0x08002ca6   Data          20  _printf_hex_int.o(.constdata)
    .constdata                               0x08002cba   Section       17  __printf_flags_ss_wp.o(.constdata)
    maptable                                 0x08002cba   Data          17  __printf_flags_ss_wp.o(.constdata)
    .conststring                             0x08002ccc   Section       40  usmart.o(.conststring)
    .conststring                             0x08002cf4   Section      107  usmart_config.o(.conststring)
    .data                                    0x20000000   Section       12  stm32f4xx_hal.o(.data)
    .data                                    0x2000000c   Section        4  system_stm32f4xx.o(.data)
    .data                                    0x20000010   Section       28  usmart.o(.data)
    .data                                    0x2000002c   Section       32  usmart_config.o(.data)
    .data                                    0x2000004c   Section      244  usmart_config.o(.data)
    .data                                    0x20000140   Section        4  delay.o(.data)
    fac_us                                   0x20000140   Data           4  delay.o(.data)
    .data                                    0x20000144   Section        4  usart_vangao.o(.data)
    .data                                    0x20000148   Section        4  usart_vangao.o(.data)
    .bss                                     0x2000014c   Section       68  usart.o(.bss)
    .bss                                     0x20000190   Section      180  usmart.o(.bss)
    .bss                                     0x20000244   Section      268  usart_vangao.o(.bss)
    .bss                                     0x20000350   Section       96  libspace.o(.bss)
    HEAP                                     0x200003b0   Section      512  startup_stm32f401xc.o(HEAP)
    Heap_Mem                                 0x200003b0   Data         512  startup_stm32f401xc.o(HEAP)
    STACK                                    0x200005b0   Section     1024  startup_stm32f401xc.o(STACK)
    Stack_Mem                                0x200005b0   Data        1024  startup_stm32f401xc.o(STACK)
    __initial_sp                             0x200009b0   Data           0  startup_stm32f401xc.o(STACK)

    Global Symbols

    Symbol Name                              Value     Ov Type        Size  Object(Section)

    BuildAttributes$$THM_ISAv4$E$P$D$K$B$S$7EM$VFPi3$EXTD16$VFPS$VFMA$PE$A:L22UL41UL21$X:L11$S22US41US21$IEEE1$IW$USESV6$~STKCKD$USESV7$~SHL$OSPACE$ROPI$EBA8$UX$STANDARDLIB$REQ8$PRES8$EABIv2 0x00000000   Number         0  anon$$obj.o ABSOLUTE
    __ARM_use_no_argv                        0x00000000   Number         0  main.o ABSOLUTE
    _printf_flags                            0x00000000   Number         0  printf_stubs.o ABSOLUTE
    _printf_return_value                     0x00000000   Number         0  printf_stubs.o ABSOLUTE
    _printf_sizespec                         0x00000000   Number         0  printf_stubs.o ABSOLUTE
    _printf_widthprec                        0x00000000   Number         0  printf_stubs.o ABSOLUTE
    __ARM_exceptions_init                     - Undefined Weak Reference
    __alloca_initialize                       - Undefined Weak Reference
    __arm_fini_                               - Undefined Weak Reference
    __arm_preinit_                            - Undefined Weak Reference
    __cpp_initialize__aeabi_                  - Undefined Weak Reference
    __cxa_finalize                            - Undefined Weak Reference
    __rt_locale                               - Undefined Weak Reference
    __sigvec_lookup                           - Undefined Weak Reference
    _atexit_init                              - Undefined Weak Reference
    _call_atexit_fns                          - Undefined Weak Reference
    _clock_init                               - Undefined Weak Reference
    _fp_trap_init                             - Undefined Weak Reference
    _fp_trap_shutdown                         - Undefined Weak Reference
    _get_lc_collate                           - Undefined Weak Reference
    _get_lc_ctype                             - Undefined Weak Reference
    _get_lc_monetary                          - Undefined Weak Reference
    _get_lc_numeric                           - Undefined Weak Reference
    _get_lc_time                              - Undefined Weak Reference
    _getenv_init                              - Undefined Weak Reference
    _handle_redirection                       - Undefined Weak Reference
    _init_alloc                               - Undefined Weak Reference
    _init_user_alloc                          - Undefined Weak Reference
    _initio                                   - Undefined Weak Reference
    _mutex_acquire                            - Undefined Weak Reference
    _mutex_release                            - Undefined Weak Reference
    _printf_mbtowc                            - Undefined Weak Reference
    _printf_truncate_signed                   - Undefined Weak Reference
    _printf_truncate_unsigned                 - Undefined Weak Reference
    _rand_init                                - Undefined Weak Reference
    _signal_finish                            - Undefined Weak Reference
    _signal_init                              - Undefined Weak Reference
    _terminate_alloc                          - Undefined Weak Reference
    _terminate_user_alloc                     - Undefined Weak Reference
    _terminateio                              - Undefined Weak Reference
    __Vectors_Size                           0x00000194   Number         0  startup_stm32f401xc.o ABSOLUTE
    __Vectors                                0x08000000   Data           4  startup_stm32f401xc.o(RESET)
    __Vectors_End                            0x08000194   Data           0  startup_stm32f401xc.o(RESET)
    __main                                   0x08000195   Thumb Code     8  __main.o(!!!main)
    __scatterload                            0x0800019d   Thumb Code     0  __scatter.o(!!!scatter)
    __scatterload_rt2                        0x0800019d   Thumb Code    44  __scatter.o(!!!scatter)
    __scatterload_rt2_thumb_only             0x0800019d   Thumb Code     0  __scatter.o(!!!scatter)
    __scatterload_null                       0x080001ab   Thumb Code     0  __scatter.o(!!!scatter)
    __decompress                             0x080001d1   Thumb Code    90  __dczerorl2.o(!!dczerorl2)
    __decompress1                            0x080001d1   Thumb Code     0  __dczerorl2.o(!!dczerorl2)
    __scatterload_zeroinit                   0x0800022d   Thumb Code    28  __scatter_zi.o(!!handler_zi)
    _printf_d                                0x08000249   Thumb Code     0  _printf_d.o(.ARM.Collect$$_printf_percent$$00000009)
    _printf_percent                          0x08000249   Thumb Code     0  _printf_percent.o(.ARM.Collect$$_printf_percent$$00000000)
    _printf_u                                0x0800024f   Thumb Code     0  _printf_u.o(.ARM.Collect$$_printf_percent$$0000000A)
    _printf_x                                0x08000255   Thumb Code     0  _printf_x.o(.ARM.Collect$$_printf_percent$$0000000C)
    _printf_c                                0x0800025b   Thumb Code     0  _printf_c.o(.ARM.Collect$$_printf_percent$$00000013)
    _printf_s                                0x08000261   Thumb Code     0  _printf_s.o(.ARM.Collect$$_printf_percent$$00000014)
    _printf_percent_end                      0x08000267   Thumb Code     0  _printf_percent_end.o(.ARM.Collect$$_printf_percent$$00000017)
    __rt_lib_init                            0x0800026b   Thumb Code     0  libinit.o(.ARM.Collect$$libinit$$00000000)
    __rt_lib_init_fp_1                       0x0800026d   Thumb Code     0  libinit2.o(.ARM.Collect$$libinit$$00000001)
    __rt_lib_init_alloca_1                   0x08000271   Thumb Code     0  libinit2.o(.ARM.Collect$$libinit$$0000002E)
    __rt_lib_init_argv_1                     0x08000271   Thumb Code     0  libinit2.o(.ARM.Collect$$libinit$$0000002C)
    __rt_lib_init_atexit_1                   0x08000271   Thumb Code     0  libinit2.o(.ARM.Collect$$libinit$$0000001B)
    __rt_lib_init_clock_1                    0x08000271   Thumb Code     0  libinit2.o(.ARM.Collect$$libinit$$00000021)
    __rt_lib_init_cpp_1                      0x08000271   Thumb Code     0  libinit2.o(.ARM.Collect$$libinit$$00000032)
    __rt_lib_init_exceptions_1               0x08000271   Thumb Code     0  libinit2.o(.ARM.Collect$$libinit$$00000030)
    __rt_lib_init_fp_trap_1                  0x08000271   Thumb Code     0  libinit2.o(.ARM.Collect$$libinit$$0000001F)
    __rt_lib_init_getenv_1                   0x08000271   Thumb Code     0  libinit2.o(.ARM.Collect$$libinit$$00000023)
    __rt_lib_init_heap_1                     0x08000271   Thumb Code     0  libinit2.o(.ARM.Collect$$libinit$$0000000A)
    __rt_lib_init_lc_collate_1               0x08000271   Thumb Code     0  libinit2.o(.ARM.Collect$$libinit$$00000011)
    __rt_lib_init_lc_ctype_1                 0x08000271   Thumb Code     0  libinit2.o(.ARM.Collect$$libinit$$00000013)
    __rt_lib_init_lc_monetary_1              0x08000271   Thumb Code     0  libinit2.o(.ARM.Collect$$libinit$$00000015)
    __rt_lib_init_lc_numeric_1               0x08000271   Thumb Code     0  libinit2.o(.ARM.Collect$$libinit$$00000017)
    __rt_lib_init_lc_time_1                  0x08000271   Thumb Code     0  libinit2.o(.ARM.Collect$$libinit$$00000019)
    __rt_lib_init_preinit_1                  0x08000271   Thumb Code     0  libinit2.o(.ARM.Collect$$libinit$$00000004)
    __rt_lib_init_rand_1                     0x08000271   Thumb Code     0  libinit2.o(.ARM.Collect$$libinit$$0000000E)
    __rt_lib_init_return                     0x08000271   Thumb Code     0  libinit2.o(.ARM.Collect$$libinit$$00000033)
    __rt_lib_init_signal_1                   0x08000271   Thumb Code     0  libinit2.o(.ARM.Collect$$libinit$$0000001D)
    __rt_lib_init_stdio_1                    0x08000271   Thumb Code     0  libinit2.o(.ARM.Collect$$libinit$$00000025)
    __rt_lib_init_user_alloc_1               0x08000271   Thumb Code     0  libinit2.o(.ARM.Collect$$libinit$$0000000C)
    __rt_lib_shutdown                        0x08000273   Thumb Code     0  libshutdown.o(.ARM.Collect$$libshutdown$$00000000)
    __rt_lib_shutdown_cpp_1                  0x08000275   Thumb Code     0  libshutdown2.o(.ARM.Collect$$libshutdown$$00000004)
    __rt_lib_shutdown_fini_1                 0x08000275   Thumb Code     0  libshutdown2.o(.ARM.Collect$$libshutdown$$00000002)
    __rt_lib_shutdown_fp_trap_1              0x08000275   Thumb Code     0  libshutdown2.o(.ARM.Collect$$libshutdown$$00000009)
    __rt_lib_shutdown_heap_1                 0x08000275   Thumb Code     0  libshutdown2.o(.ARM.Collect$$libshutdown$$00000011)
    __rt_lib_shutdown_return                 0x08000275   Thumb Code     0  libshutdown2.o(.ARM.Collect$$libshutdown$$00000012)
    __rt_lib_shutdown_signal_1               0x08000275   Thumb Code     0  libshutdown2.o(.ARM.Collect$$libshutdown$$0000000C)
    __rt_lib_shutdown_stdio_1                0x08000275   Thumb Code     0  libshutdown2.o(.ARM.Collect$$libshutdown$$00000006)
    __rt_lib_shutdown_user_alloc_1           0x08000275   Thumb Code     0  libshutdown2.o(.ARM.Collect$$libshutdown$$0000000E)
    __rt_entry                               0x08000277   Thumb Code     0  __rtentry.o(.ARM.Collect$$rtentry$$00000000)
    __rt_entry_presh_1                       0x08000277   Thumb Code     0  __rtentry2.o(.ARM.Collect$$rtentry$$00000002)
    __rt_entry_sh                            0x08000277   Thumb Code     0  __rtentry4.o(.ARM.Collect$$rtentry$$00000004)
    __rt_entry_li                            0x0800027d   Thumb Code     0  __rtentry2.o(.ARM.Collect$$rtentry$$0000000A)
    __rt_entry_postsh_1                      0x0800027d   Thumb Code     0  __rtentry2.o(.ARM.Collect$$rtentry$$00000009)
    __rt_entry_main                          0x08000281   Thumb Code     0  __rtentry2.o(.ARM.Collect$$rtentry$$0000000D)
    __rt_entry_postli_1                      0x08000281   Thumb Code     0  __rtentry2.o(.ARM.Collect$$rtentry$$0000000C)
    __rt_exit                                0x08000289   Thumb Code     0  rtexit.o(.ARM.Collect$$rtexit$$00000000)
    __rt_exit_ls                             0x0800028b   Thumb Code     0  rtexit2.o(.ARM.Collect$$rtexit$$00000003)
    __rt_exit_prels_1                        0x0800028b   Thumb Code     0  rtexit2.o(.ARM.Collect$$rtexit$$00000002)
    __rt_exit_exit                           0x0800028f   Thumb Code     0  rtexit2.o(.ARM.Collect$$rtexit$$00000004)
    Reset_Handler                            0x08000295   Thumb Code     8  startup_stm32f401xc.o(.text)
    ADC_IRQHandler                           0x080002af   Thumb Code     0  startup_stm32f401xc.o(.text)
    DMA1_Stream0_IRQHandler                  0x080002af   Thumb Code     0  startup_stm32f401xc.o(.text)
    DMA1_Stream1_IRQHandler                  0x080002af   Thumb Code     0  startup_stm32f401xc.o(.text)
    DMA1_Stream2_IRQHandler                  0x080002af   Thumb Code     0  startup_stm32f401xc.o(.text)
    DMA1_Stream3_IRQHandler                  0x080002af   Thumb Code     0  startup_stm32f401xc.o(.text)
    DMA1_Stream4_IRQHandler                  0x080002af   Thumb Code     0  startup_stm32f401xc.o(.text)
    DMA1_Stream5_IRQHandler                  0x080002af   Thumb Code     0  startup_stm32f401xc.o(.text)
    DMA1_Stream6_IRQHandler                  0x080002af   Thumb Code     0  startup_stm32f401xc.o(.text)
    DMA1_Stream7_IRQHandler                  0x080002af   Thumb Code     0  startup_stm32f401xc.o(.text)
    DMA2_Stream0_IRQHandler                  0x080002af   Thumb Code     0  startup_stm32f401xc.o(.text)
    DMA2_Stream1_IRQHandler                  0x080002af   Thumb Code     0  startup_stm32f401xc.o(.text)
    DMA2_Stream2_IRQHandler                  0x080002af   Thumb Code     0  startup_stm32f401xc.o(.text)
    DMA2_Stream3_IRQHandler                  0x080002af   Thumb Code     0  startup_stm32f401xc.o(.text)
    DMA2_Stream4_IRQHandler                  0x080002af   Thumb Code     0  startup_stm32f401xc.o(.text)
    DMA2_Stream5_IRQHandler                  0x080002af   Thumb Code     0  startup_stm32f401xc.o(.text)
    DMA2_Stream6_IRQHandler                  0x080002af   Thumb Code     0  startup_stm32f401xc.o(.text)
    DMA2_Stream7_IRQHandler                  0x080002af   Thumb Code     0  startup_stm32f401xc.o(.text)
    EXTI0_IRQHandler                         0x080002af   Thumb Code     0  startup_stm32f401xc.o(.text)
    EXTI15_10_IRQHandler                     0x080002af   Thumb Code     0  startup_stm32f401xc.o(.text)
    EXTI1_IRQHandler                         0x080002af   Thumb Code     0  startup_stm32f401xc.o(.text)
    EXTI2_IRQHandler                         0x080002af   Thumb Code     0  startup_stm32f401xc.o(.text)
    EXTI3_IRQHandler                         0x080002af   Thumb Code     0  startup_stm32f401xc.o(.text)
    EXTI4_IRQHandler                         0x080002af   Thumb Code     0  startup_stm32f401xc.o(.text)
    EXTI9_5_IRQHandler                       0x080002af   Thumb Code     0  startup_stm32f401xc.o(.text)
    FLASH_IRQHandler                         0x080002af   Thumb Code     0  startup_stm32f401xc.o(.text)
    FPU_IRQHandler                           0x080002af   Thumb Code     0  startup_stm32f401xc.o(.text)
    I2C1_ER_IRQHandler                       0x080002af   Thumb Code     0  startup_stm32f401xc.o(.text)
    I2C1_EV_IRQHandler                       0x080002af   Thumb Code     0  startup_stm32f401xc.o(.text)
    I2C2_ER_IRQHandler                       0x080002af   Thumb Code     0  startup_stm32f401xc.o(.text)
    I2C2_EV_IRQHandler                       0x080002af   Thumb Code     0  startup_stm32f401xc.o(.text)
    I2C3_ER_IRQHandler                       0x080002af   Thumb Code     0  startup_stm32f401xc.o(.text)
    I2C3_EV_IRQHandler                       0x080002af   Thumb Code     0  startup_stm32f401xc.o(.text)
    OTG_FS_IRQHandler                        0x080002af   Thumb Code     0  startup_stm32f401xc.o(.text)
    OTG_FS_WKUP_IRQHandler                   0x080002af   Thumb Code     0  startup_stm32f401xc.o(.text)
    PVD_IRQHandler                           0x080002af   Thumb Code     0  startup_stm32f401xc.o(.text)
    RCC_IRQHandler                           0x080002af   Thumb Code     0  startup_stm32f401xc.o(.text)
    RTC_Alarm_IRQHandler                     0x080002af   Thumb Code     0  startup_stm32f401xc.o(.text)
    RTC_WKUP_IRQHandler                      0x080002af   Thumb Code     0  startup_stm32f401xc.o(.text)
    SDIO_IRQHandler                          0x080002af   Thumb Code     0  startup_stm32f401xc.o(.text)
    SPI1_IRQHandler                          0x080002af   Thumb Code     0  startup_stm32f401xc.o(.text)
    SPI2_IRQHandler                          0x080002af   Thumb Code     0  startup_stm32f401xc.o(.text)
    SPI3_IRQHandler                          0x080002af   Thumb Code     0  startup_stm32f401xc.o(.text)
    SPI4_IRQHandler                          0x080002af   Thumb Code     0  startup_stm32f401xc.o(.text)
    TAMP_STAMP_IRQHandler                    0x080002af   Thumb Code     0  startup_stm32f401xc.o(.text)
    TIM1_BRK_TIM9_IRQHandler                 0x080002af   Thumb Code     0  startup_stm32f401xc.o(.text)
    TIM1_CC_IRQHandler                       0x080002af   Thumb Code     0  startup_stm32f401xc.o(.text)
    TIM1_TRG_COM_TIM11_IRQHandler            0x080002af   Thumb Code     0  startup_stm32f401xc.o(.text)
    TIM1_UP_TIM10_IRQHandler                 0x080002af   Thumb Code     0  startup_stm32f401xc.o(.text)
    TIM2_IRQHandler                          0x080002af   Thumb Code     0  startup_stm32f401xc.o(.text)
    TIM3_IRQHandler                          0x080002af   Thumb Code     0  startup_stm32f401xc.o(.text)
    TIM5_IRQHandler                          0x080002af   Thumb Code     0  startup_stm32f401xc.o(.text)
    USART2_IRQHandler                        0x080002af   Thumb Code     0  startup_stm32f401xc.o(.text)
    USART6_IRQHandler                        0x080002af   Thumb Code     0  startup_stm32f401xc.o(.text)
    WWDG_IRQHandler                          0x080002af   Thumb Code     0  startup_stm32f401xc.o(.text)
    __user_initial_stackheap                 0x080002b1   Thumb Code     0  startup_stm32f401xc.o(.text)
    __use_no_semihosting                     0x080002d5   Thumb Code     2  use_no_semi_2.o(.text)
    __aeabi_uldivmod                         0x080002d7   Thumb Code     0  lludivv7m.o(.text)
    _ll_udiv                                 0x080002d7   Thumb Code   238  lludivv7m.o(.text)
    __2printf                                0x080003c5   Thumb Code    20  noretval__2printf.o(.text)
    _printf_pre_padding                      0x080003dd   Thumb Code    44  _printf_pad.o(.text)
    _printf_post_padding                     0x08000409   Thumb Code    34  _printf_pad.o(.text)
    _printf_str                              0x0800042b   Thumb Code    82  _printf_str.o(.text)
    _printf_int_dec                          0x0800047d   Thumb Code   104  _printf_dec.o(.text)
    _printf_int_hex                          0x080004f5   Thumb Code    84  _printf_hex_int.o(.text)
    _printf_longlong_hex                     0x080004f5   Thumb Code     0  _printf_hex_int.o(.text)
    __printf                                 0x0800054d   Thumb Code   388  __printf_flags_ss_wp.o(.text)
    __aeabi_memclr4                          0x080006d5   Thumb Code     0  rt_memclr_w.o(.text)
    __aeabi_memclr8                          0x080006d5   Thumb Code     0  rt_memclr_w.o(.text)
    __rt_memclr_w                            0x080006d5   Thumb Code    78  rt_memclr_w.o(.text)
    _memset_w                                0x080006d9   Thumb Code     0  rt_memclr_w.o(.text)
    __use_two_region_memory                  0x08000723   Thumb Code     2  heapauxi.o(.text)
    __rt_heap_escrow$2region                 0x08000725   Thumb Code     2  heapauxi.o(.text)
    __rt_heap_expand$2region                 0x08000727   Thumb Code     2  heapauxi.o(.text)
    __I$use$semihosting                      0x08000729   Thumb Code     0  use_no_semi.o(.text)
    __use_no_semihosting_swi                 0x08000729   Thumb Code     2  use_no_semi.o(.text)
    _printf_int_common                       0x0800072b   Thumb Code   178  _printf_intcommon.o(.text)
    _printf_cs_common                        0x080007dd   Thumb Code    20  _printf_char.o(.text)
    _printf_char                             0x080007f1   Thumb Code    16  _printf_char.o(.text)
    _printf_string                           0x08000801   Thumb Code     8  _printf_char.o(.text)
    _printf_char_file                        0x08000809   Thumb Code    32  _printf_char_file.o(.text)
    _printf_char_common                      0x08000837   Thumb Code    32  _printf_char_common.o(.text)
    ferror                                   0x0800085d   Thumb Code     8  ferror.o(.text)
    __user_setup_stackheap                   0x08000865   Thumb Code    74  sys_stackheap_outer.o(.text)
    exit                                     0x080008af   Thumb Code    18  exit.o(.text)
    __user_libspace                          0x080008c1   Thumb Code     8  libspace.o(.text)
    __user_perproc_libspace                  0x080008c1   Thumb Code     0  libspace.o(.text)
    __user_perthread_libspace                0x080008c1   Thumb Code     0  libspace.o(.text)
    BusFault_Handler                         0x080008c9   Thumb Code     2  stm32f4xx_it.o(i.BusFault_Handler)
    DebugMon_Handler                         0x080008cb   Thumb Code     2  stm32f4xx_it.o(i.DebugMon_Handler)
    Error_Handler                            0x080008cd   Thumb Code     4  main.o(i.Error_Handler)
    HAL_DMA_Abort                            0x080008d1   Thumb Code   146  stm32f4xx_hal_dma.o(i.HAL_DMA_Abort)
    HAL_DMA_Abort_IT                         0x08000963   Thumb Code    36  stm32f4xx_hal_dma.o(i.HAL_DMA_Abort_IT)
    HAL_Delay                                0x08000989   Thumb Code    32  stm32f4xx_hal.o(i.HAL_Delay)
    HAL_GPIO_Init                            0x080009ad   Thumb Code   446  stm32f4xx_hal_gpio.o(i.HAL_GPIO_Init)
    HAL_GPIO_TogglePin                       0x08000b8d   Thumb Code    16  stm32f4xx_hal_gpio.o(i.HAL_GPIO_TogglePin)
    HAL_GPIO_WritePin                        0x08000b9d   Thumb Code    10  stm32f4xx_hal_gpio.o(i.HAL_GPIO_WritePin)
    HAL_GetTick                              0x08000ba9   Thumb Code     6  stm32f4xx_hal.o(i.HAL_GetTick)
    HAL_IncTick                              0x08000bb5   Thumb Code    12  stm32f4xx_hal.o(i.HAL_IncTick)
    HAL_Init                                 0x08000bc5   Thumb Code    48  stm32f4xx_hal.o(i.HAL_Init)
    HAL_InitTick                             0x08000bf9   Thumb Code    54  stm32f4xx_hal.o(i.HAL_InitTick)
    HAL_MspInit                              0x08000c39   Thumb Code    42  stm32f4xx_hal_msp.o(i.HAL_MspInit)
    HAL_NVIC_EnableIRQ                       0x08000c69   Thumb Code    26  stm32f4xx_hal_cortex.o(i.HAL_NVIC_EnableIRQ)
    HAL_NVIC_SetPriority                     0x08000c85   Thumb Code    60  stm32f4xx_hal_cortex.o(i.HAL_NVIC_SetPriority)
    HAL_NVIC_SetPriorityGrouping             0x08000cc5   Thumb Code    26  stm32f4xx_hal_cortex.o(i.HAL_NVIC_SetPriorityGrouping)
    HAL_RCC_ClockConfig                      0x08000ce9   Thumb Code   288  stm32f4xx_hal_rcc.o(i.HAL_RCC_ClockConfig)
    HAL_RCC_GetPCLK1Freq                     0x08000e1d   Thumb Code    20  stm32f4xx_hal_rcc.o(i.HAL_RCC_GetPCLK1Freq)
    HAL_RCC_GetPCLK2Freq                     0x08000e3d   Thumb Code    20  stm32f4xx_hal_rcc.o(i.HAL_RCC_GetPCLK2Freq)
    HAL_RCC_GetSysClockFreq                  0x08000e5d   Thumb Code    88  stm32f4xx_hal_rcc.o(i.HAL_RCC_GetSysClockFreq)
    HAL_RCC_OscConfig                        0x08000ec1   Thumb Code   856  stm32f4xx_hal_rcc.o(i.HAL_RCC_OscConfig)
    HAL_SYSTICK_Config                       0x0800122d   Thumb Code    40  stm32f4xx_hal_cortex.o(i.HAL_SYSTICK_Config)
    HAL_TIMEx_BreakCallback                  0x08001255   Thumb Code     2  stm32f4xx_hal_tim_ex.o(i.HAL_TIMEx_BreakCallback)
    HAL_TIMEx_CommutCallback                 0x08001257   Thumb Code     2  stm32f4xx_hal_tim_ex.o(i.HAL_TIMEx_CommutCallback)
    HAL_TIMEx_CommutHalfCpltCallback         0x08001259   Thumb Code     2  stm32f4xx_hal_tim_ex.o(i.HAL_TIMEx_CommutHalfCpltCallback)
    HAL_TIM_Base_Init                        0x0800125d   Thumb Code   104  stm32f4xx_hal_tim.o(i.HAL_TIM_Base_Init)
    HAL_TIM_Base_MspInit                     0x080012c9   Thumb Code     2  stm32f4xx_hal_tim.o(i.HAL_TIM_Base_MspInit)
    HAL_TIM_Base_Start_IT                    0x080012cd   Thumb Code    88  stm32f4xx_hal_tim.o(i.HAL_TIM_Base_Start_IT)
    HAL_TIM_ErrorCallback                    0x08001339   Thumb Code     2  stm32f4xx_hal_tim.o(i.HAL_TIM_ErrorCallback)
    HAL_TIM_IC_CaptureCallback               0x0800133b   Thumb Code     2  stm32f4xx_hal_tim.o(i.HAL_TIM_IC_CaptureCallback)
    HAL_TIM_IC_CaptureHalfCpltCallback       0x0800133d   Thumb Code     2  stm32f4xx_hal_tim.o(i.HAL_TIM_IC_CaptureHalfCpltCallback)
    HAL_TIM_OC_DelayElapsedCallback          0x0800133f   Thumb Code     2  stm32f4xx_hal_tim.o(i.HAL_TIM_OC_DelayElapsedCallback)
    HAL_TIM_PWM_PulseFinishedCallback        0x08001341   Thumb Code     2  stm32f4xx_hal_tim.o(i.HAL_TIM_PWM_PulseFinishedCallback)
    HAL_TIM_PWM_PulseFinishedHalfCpltCallback 0x08001343   Thumb Code     2  stm32f4xx_hal_tim.o(i.HAL_TIM_PWM_PulseFinishedHalfCpltCallback)
    HAL_TIM_PeriodElapsedCallback            0x08001345   Thumb Code     2  stm32f4xx_hal_tim.o(i.HAL_TIM_PeriodElapsedCallback)
    HAL_TIM_PeriodElapsedHalfCpltCallback    0x08001347   Thumb Code     2  stm32f4xx_hal_tim.o(i.HAL_TIM_PeriodElapsedHalfCpltCallback)
    HAL_TIM_TriggerCallback                  0x08001349   Thumb Code     2  stm32f4xx_hal_tim.o(i.HAL_TIM_TriggerCallback)
    HAL_TIM_TriggerHalfCpltCallback          0x0800134b   Thumb Code     2  stm32f4xx_hal_tim.o(i.HAL_TIM_TriggerHalfCpltCallback)
    HAL_UARTEx_RxEventCallback               0x0800134d   Thumb Code     2  stm32f4xx_hal_uart.o(i.HAL_UARTEx_RxEventCallback)
    HAL_UART_ErrorCallback                   0x0800134f   Thumb Code     2  stm32f4xx_hal_uart.o(i.HAL_UART_ErrorCallback)
    HAL_UART_GetState                        0x08001351   Thumb Code    10  stm32f4xx_hal_uart.o(i.HAL_UART_GetState)
    HAL_UART_IRQHandler                      0x0800135d   Thumb Code   610  stm32f4xx_hal_uart.o(i.HAL_UART_IRQHandler)
    HAL_UART_Init                            0x080015c5   Thumb Code    98  stm32f4xx_hal_uart.o(i.HAL_UART_Init)
    HAL_UART_MspInit                         0x08001629   Thumb Code   110  usart.o(i.HAL_UART_MspInit)
    HAL_UART_Receive_IT                      0x080016a5   Thumb Code    42  stm32f4xx_hal_uart.o(i.HAL_UART_Receive_IT)
    HAL_UART_RxCpltCallback                  0x080016d1   Thumb Code    76  usart_vangao.o(i.HAL_UART_RxCpltCallback)
    HAL_UART_TxCpltCallback                  0x08001729   Thumb Code     2  stm32f4xx_hal_uart.o(i.HAL_UART_TxCpltCallback)
    HardFault_Handler                        0x0800172b   Thumb Code     2  stm32f4xx_it.o(i.HardFault_Handler)
    MX_GPIO_Init                             0x0800172d   Thumb Code    98  gpio.o(i.MX_GPIO_Init)
    MX_USART1_UART_Init                      0x08001799   Thumb Code    48  usart.o(i.MX_USART1_UART_Init)
    MemManage_Handler                        0x080017d1   Thumb Code     2  stm32f4xx_it.o(i.MemManage_Handler)
    NMI_Handler                              0x080017d3   Thumb Code     2  stm32f4xx_it.o(i.NMI_Handler)
    PendSV_Handler                           0x080017d5   Thumb Code     2  stm32f4xx_it.o(i.PendSV_Handler)
    SVC_Handler                              0x080017d7   Thumb Code     2  stm32f4xx_it.o(i.SVC_Handler)
    SysTick_Handler                          0x080017d9   Thumb Code     4  stm32f4xx_it.o(i.SysTick_Handler)
    SystemClock_Config                       0x080017dd   Thumb Code   140  main.o(i.SystemClock_Config)
    SystemInit                               0x08001871   Thumb Code    12  system_stm32f4xx.o(i.SystemInit)
    TIM4_IRQHandler                          0x08001881   Thumb Code    44  usmart.o(i.TIM4_IRQHandler)
    TIM_Base_SetConfig                       0x080018b5   Thumb Code   122  stm32f4xx_hal_tim.o(i.TIM_Base_SetConfig)
    TIM_ResetCallback                        0x0800194d   Thumb Code    56  stm32f4xx_hal_tim.o(i.TIM_ResetCallback)
    Timer4_Init                              0x080019b9   Thumb Code    72  usmart.o(i.Timer4_Init)
    UART_Start_Receive_IT                    0x08001c39   Thumb Code    54  stm32f4xx_hal_uart.o(i.UART_Start_Receive_IT)
    USART1_IRQHandler                        0x08001c71   Thumb Code    34  usart_vangao.o(i.USART1_IRQHandler)
    UsageFault_Handler                       0x08001c9d   Thumb Code     2  stm32f4xx_it.o(i.UsageFault_Handler)
    _is_digit                                0x08001cbf   Thumb Code    14  __printf_wp.o(i._is_digit)
    _sys_exit                                0x08001ccd   Thumb Code     2  usart_vangao.o(i._sys_exit)
    delay_ms                                 0x08001ccf   Thumb Code    26  delay.o(i.delay_ms)
    delay_us                                 0x08001ce9   Thumb Code    48  delay.o(i.delay_us)
    fputc                                    0x08001d1d   Thumb Code    14  usart_vangao.o(i.fputc)
    main                                     0x08001d31   Thumb Code    38  main.o(i.main)
    read_addr                                0x08001d5d   Thumb Code     4  usmart.o(i.read_addr)
    usmart_cmd_rec                           0x08001d61   Thumb Code   144  usmart.o(i.usmart_cmd_rec)
    usmart_exe                               0x08001df5   Thumb Code   514  usmart.o(i.usmart_exe)
    usmart_get_aparm                         0x08002059   Thumb Code   166  usmart_str.o(i.usmart_get_aparm)
    usmart_get_cmdname                       0x080020ff   Thumb Code    46  usmart_str.o(i.usmart_get_cmdname)
    usmart_get_fname                         0x0800212d   Thumb Code   358  usmart_str.o(i.usmart_get_fname)
    usmart_get_fparam                        0x0800229d   Thumb Code   208  usmart_str.o(i.usmart_get_fparam)
    usmart_get_parmpos                       0x08002371   Thumb Code    30  usmart_str.o(i.usmart_get_parmpos)
    usmart_get_runtime                       0x08002395   Thumb Code    38  usmart.o(i.usmart_get_runtime)
    usmart_init                              0x080023c5   Thumb Code    36  usmart.o(i.usmart_init)
    usmart_pow                               0x080023ed   Thumb Code    16  usmart_str.o(i.usmart_pow)
    usmart_reset_runtime                     0x080023fd   Thumb Code    32  usmart.o(i.usmart_reset_runtime)
    usmart_scan                              0x08002425   Thumb Code    94  usmart.o(i.usmart_scan)
    usmart_search_nextc                      0x080024c9   Thumb Code    16  usmart_str.o(i.usmart_search_nextc)
    usmart_str2num                           0x080024d9   Thumb Code   214  usmart_str.o(i.usmart_str2num)
    usmart_strcmp                            0x080025af   Thumb Code    24  usmart_str.o(i.usmart_strcmp)
    usmart_strcopy                           0x080025c7   Thumb Code    18  usmart_str.o(i.usmart_strcopy)
    usmart_strlen                            0x080025d9   Thumb Code    18  usmart_str.o(i.usmart_strlen)
    usmart_sys_cmd_exe                       0x080025ed   Thumb Code  1458  usmart.o(i.usmart_sys_cmd_exe)
    write_addr                               0x08002c6d   Thumb Code     4  usmart.o(i.write_addr)
    _fp_init                                 0x08002c71   Thumb Code    10  fpinit.o(x$fpl$fpinit)
    __fplib_config_fpu_vfp                   0x08002c79   Thumb Code     0  fpinit.o(x$fpl$fpinit)
    __fplib_config_pureend_doubles           0x08002c79   Thumb Code     0  fpinit.o(x$fpl$fpinit)
    AHBPrescTable                            0x08002c7a   Data          16  system_stm32f4xx.o(.constdata)
    APBPrescTable                            0x08002c8a   Data           8  system_stm32f4xx.o(.constdata)
    Region$$Table$$Base                      0x08002d60   Number         0  anon$$obj.o(Region$$Table)
    Region$$Table$$Limit                     0x08002d80   Number         0  anon$$obj.o(Region$$Table)
    uwTickFreq                               0x20000000   Data           1  stm32f4xx_hal.o(.data)
    uwTickPrio                               0x20000004   Data           4  stm32f4xx_hal.o(.data)
    uwTick                                   0x20000008   Data           4  stm32f4xx_hal.o(.data)
    SystemCoreClock                          0x2000000c   Data           4  system_stm32f4xx.o(.data)
    sys_cmd_tab                              0x20000010   Data          28  usmart.o(.data)
    usmart_nametab                           0x2000002c   Data          32  usmart_config.o(.data)
    usmart_dev                               0x2000004c   Data         244  usmart_config.o(.data)
    aRxBuffer                                0x20000144   Data           1  usart_vangao.o(.data)
    USART_RX_STA                             0x20000146   Data           2  usart_vangao.o(.data)
    __stdout                                 0x20000148   Data           4  usart_vangao.o(.data)
    huart1                                   0x2000014c   Data          68  usart.o(.bss)
    TIM4_Handler                             0x20000190   Data         180  usmart.o(.bss)
    USART_RX_BUF                             0x20000244   Data         200  usart_vangao.o(.bss)
    UART1_Handler                            0x2000030c   Data          68  usart_vangao.o(.bss)
    __libspace_start                         0x20000350   Data          96  libspace.o(.bss)
    __temporary_stack_top$libspace           0x200003b0   Data           0  libspace.o(.bss)



==============================================================================

Memory Map of the image

  Image Entry point : 0x08000195

  Load Region LR_IROM1 (Base: 0x08000000, Size: 0x00002ecc, Max: 0x00040000, ABSOLUTE, COMPRESSED[0x00002dd0])

    Execution Region ER_IROM1 (Exec base: 0x08000000, Load base: 0x08000000, Size: 0x00002d80, Max: 0x00040000, ABSOLUTE)

    Exec Addr    Load Addr    Size         Type   Attr      Idx    E Section Name        Object

    0x08000000   0x08000000   0x00000194   Data   RO            3    RESET               startup_stm32f401xc.o
    0x08000194   0x08000194   0x00000008   Code   RO         3301  * !!!main             c_w.l(__main.o)
    0x0800019c   0x0800019c   0x00000034   Code   RO         3485    !!!scatter          c_w.l(__scatter.o)
    0x080001d0   0x080001d0   0x0000005a   Code   RO         3483    !!dczerorl2         c_w.l(__dczerorl2.o)
    0x0800022a   0x0800022a   0x00000002   PAD
    0x0800022c   0x0800022c   0x0000001c   Code   RO         3487    !!handler_zi        c_w.l(__scatter_zi.o)
    0x08000248   0x08000248   0x00000000   Code   RO         3296    .ARM.Collect$$_printf_percent$$00000000  c_w.l(_printf_percent.o)
    0x08000248   0x08000248   0x00000006   Code   RO         3294    .ARM.Collect$$_printf_percent$$00000009  c_w.l(_printf_d.o)
    0x0800024e   0x0800024e   0x00000006   Code   RO         3295    .ARM.Collect$$_printf_percent$$0000000A  c_w.l(_printf_u.o)
    0x08000254   0x08000254   0x00000006   Code   RO         3293    .ARM.Collect$$_printf_percent$$0000000C  c_w.l(_printf_x.o)
    0x0800025a   0x0800025a   0x00000006   Code   RO         3291    .ARM.Collect$$_printf_percent$$00000013  c_w.l(_printf_c.o)
    0x08000260   0x08000260   0x00000006   Code   RO         3292    .ARM.Collect$$_printf_percent$$00000014  c_w.l(_printf_s.o)
    0x08000266   0x08000266   0x00000004   Code   RO         3316    .ARM.Collect$$_printf_percent$$00000017  c_w.l(_printf_percent_end.o)
    0x0800026a   0x0800026a   0x00000002   Code   RO         3355    .ARM.Collect$$libinit$$00000000  c_w.l(libinit.o)
    0x0800026c   0x0800026c   0x00000004   Code   RO         3367    .ARM.Collect$$libinit$$00000001  c_w.l(libinit2.o)
    0x08000270   0x08000270   0x00000000   Code   RO         3370    .ARM.Collect$$libinit$$00000004  c_w.l(libinit2.o)
    0x08000270   0x08000270   0x00000000   Code   RO         3373    .ARM.Collect$$libinit$$0000000A  c_w.l(libinit2.o)
    0x08000270   0x08000270   0x00000000   Code   RO         3375    .ARM.Collect$$libinit$$0000000C  c_w.l(libinit2.o)
    0x08000270   0x08000270   0x00000000   Code   RO         3377    .ARM.Collect$$libinit$$0000000E  c_w.l(libinit2.o)
    0x08000270   0x08000270   0x00000000   Code   RO         3380    .ARM.Collect$$libinit$$00000011  c_w.l(libinit2.o)
    0x08000270   0x08000270   0x00000000   Code   RO         3382    .ARM.Collect$$libinit$$00000013  c_w.l(libinit2.o)
    0x08000270   0x08000270   0x00000000   Code   RO         3384    .ARM.Collect$$libinit$$00000015  c_w.l(libinit2.o)
    0x08000270   0x08000270   0x00000000   Code   RO         3386    .ARM.Collect$$libinit$$00000017  c_w.l(libinit2.o)
    0x08000270   0x08000270   0x00000000   Code   RO         3388    .ARM.Collect$$libinit$$00000019  c_w.l(libinit2.o)
    0x08000270   0x08000270   0x00000000   Code   RO         3390    .ARM.Collect$$libinit$$0000001B  c_w.l(libinit2.o)
    0x08000270   0x08000270   0x00000000   Code   RO         3392    .ARM.Collect$$libinit$$0000001D  c_w.l(libinit2.o)
    0x08000270   0x08000270   0x00000000   Code   RO         3394    .ARM.Collect$$libinit$$0000001F  c_w.l(libinit2.o)
    0x08000270   0x08000270   0x00000000   Code   RO         3396    .ARM.Collect$$libinit$$00000021  c_w.l(libinit2.o)
    0x08000270   0x08000270   0x00000000   Code   RO         3398    .ARM.Collect$$libinit$$00000023  c_w.l(libinit2.o)
    0x08000270   0x08000270   0x00000000   Code   RO         3400    .ARM.Collect$$libinit$$00000025  c_w.l(libinit2.o)
    0x08000270   0x08000270   0x00000000   Code   RO         3404    .ARM.Collect$$libinit$$0000002C  c_w.l(libinit2.o)
    0x08000270   0x08000270   0x00000000   Code   RO         3406    .ARM.Collect$$libinit$$0000002E  c_w.l(libinit2.o)
    0x08000270   0x08000270   0x00000000   Code   RO         3408    .ARM.Collect$$libinit$$00000030  c_w.l(libinit2.o)
    0x08000270   0x08000270   0x00000000   Code   RO         3410    .ARM.Collect$$libinit$$00000032  c_w.l(libinit2.o)
    0x08000270   0x08000270   0x00000002   Code   RO         3411    .ARM.Collect$$libinit$$00000033  c_w.l(libinit2.o)
    0x08000272   0x08000272   0x00000002   Code   RO         3437    .ARM.Collect$$libshutdown$$00000000  c_w.l(libshutdown.o)
    0x08000274   0x08000274   0x00000000   Code   RO         3464    .ARM.Collect$$libshutdown$$00000002  c_w.l(libshutdown2.o)
    0x08000274   0x08000274   0x00000000   Code   RO         3466    .ARM.Collect$$libshutdown$$00000004  c_w.l(libshutdown2.o)
    0x08000274   0x08000274   0x00000000   Code   RO         3468    .ARM.Collect$$libshutdown$$00000006  c_w.l(libshutdown2.o)
    0x08000274   0x08000274   0x00000000   Code   RO         3471    .ARM.Collect$$libshutdown$$00000009  c_w.l(libshutdown2.o)
    0x08000274   0x08000274   0x00000000   Code   RO         3474    .ARM.Collect$$libshutdown$$0000000C  c_w.l(libshutdown2.o)
    0x08000274   0x08000274   0x00000000   Code   RO         3476    .ARM.Collect$$libshutdown$$0000000E  c_w.l(libshutdown2.o)
    0x08000274   0x08000274   0x00000000   Code   RO         3479    .ARM.Collect$$libshutdown$$00000011  c_w.l(libshutdown2.o)
    0x08000274   0x08000274   0x00000002   Code   RO         3480    .ARM.Collect$$libshutdown$$00000012  c_w.l(libshutdown2.o)
    0x08000276   0x08000276   0x00000000   Code   RO         3305    .ARM.Collect$$rtentry$$00000000  c_w.l(__rtentry.o)
    0x08000276   0x08000276   0x00000000   Code   RO         3318    .ARM.Collect$$rtentry$$00000002  c_w.l(__rtentry2.o)
    0x08000276   0x08000276   0x00000006   Code   RO         3330    .ARM.Collect$$rtentry$$00000004  c_w.l(__rtentry4.o)
    0x0800027c   0x0800027c   0x00000000   Code   RO         3320    .ARM.Collect$$rtentry$$00000009  c_w.l(__rtentry2.o)
    0x0800027c   0x0800027c   0x00000004   Code   RO         3321    .ARM.Collect$$rtentry$$0000000A  c_w.l(__rtentry2.o)
    0x08000280   0x08000280   0x00000000   Code   RO         3323    .ARM.Collect$$rtentry$$0000000C  c_w.l(__rtentry2.o)
    0x08000280   0x08000280   0x00000008   Code   RO         3324    .ARM.Collect$$rtentry$$0000000D  c_w.l(__rtentry2.o)
    0x08000288   0x08000288   0x00000002   Code   RO         3359    .ARM.Collect$$rtexit$$00000000  c_w.l(rtexit.o)
    0x0800028a   0x0800028a   0x00000000   Code   RO         3413    .ARM.Collect$$rtexit$$00000002  c_w.l(rtexit2.o)
    0x0800028a   0x0800028a   0x00000004   Code   RO         3414    .ARM.Collect$$rtexit$$00000003  c_w.l(rtexit2.o)
    0x0800028e   0x0800028e   0x00000006   Code   RO         3415    .ARM.Collect$$rtexit$$00000004  c_w.l(rtexit2.o)
    0x08000294   0x08000294   0x00000040   Code   RO            4    .text               startup_stm32f401xc.o
    0x080002d4   0x080002d4   0x00000002   Code   RO         3234    .text               c_w.l(use_no_semi_2.o)
    0x080002d6   0x080002d6   0x000000ee   Code   RO         3236    .text               c_w.l(lludivv7m.o)
    0x080003c4   0x080003c4   0x00000018   Code   RO         3240    .text               c_w.l(noretval__2printf.o)
    0x080003dc   0x080003dc   0x0000004e   Code   RO         3244    .text               c_w.l(_printf_pad.o)
    0x0800042a   0x0800042a   0x00000052   Code   RO         3246    .text               c_w.l(_printf_str.o)
    0x0800047c   0x0800047c   0x00000078   Code   RO         3248    .text               c_w.l(_printf_dec.o)
    0x080004f4   0x080004f4   0x00000058   Code   RO         3253    .text               c_w.l(_printf_hex_int.o)
    0x0800054c   0x0800054c   0x00000188   Code   RO         3288    .text               c_w.l(__printf_flags_ss_wp.o)
    0x080006d4   0x080006d4   0x0000004e   Code   RO         3297    .text               c_w.l(rt_memclr_w.o)
    0x08000722   0x08000722   0x00000006   Code   RO         3299    .text               c_w.l(heapauxi.o)
    0x08000728   0x08000728   0x00000002   Code   RO         3303    .text               c_w.l(use_no_semi.o)
    0x0800072a   0x0800072a   0x000000b2   Code   RO         3310    .text               c_w.l(_printf_intcommon.o)
    0x080007dc   0x080007dc   0x0000002c   Code   RO         3312    .text               c_w.l(_printf_char.o)
    0x08000808   0x08000808   0x00000024   Code   RO         3314    .text               c_w.l(_printf_char_file.o)
    0x0800082c   0x0800082c   0x00000030   Code   RO         3334    .text               c_w.l(_printf_char_common.o)
    0x0800085c   0x0800085c   0x00000008   Code   RO         3336    .text               c_w.l(ferror.o)
    0x08000864   0x08000864   0x0000004a   Code   RO         3340    .text               c_w.l(sys_stackheap_outer.o)
    0x080008ae   0x080008ae   0x00000012   Code   RO         3344    .text               c_w.l(exit.o)
    0x080008c0   0x080008c0   0x00000008   Code   RO         3356    .text               c_w.l(libspace.o)
    0x080008c8   0x080008c8   0x00000002   Code   RO          236    i.BusFault_Handler  stm32f4xx_it.o
    0x080008ca   0x080008ca   0x00000002   Code   RO          237    i.DebugMon_Handler  stm32f4xx_it.o
    0x080008cc   0x080008cc   0x00000004   Code   RO           13    i.Error_Handler     main.o
    0x080008d0   0x080008d0   0x00000092   Code   RO         2170    i.HAL_DMA_Abort     stm32f4xx_hal_dma.o
    0x08000962   0x08000962   0x00000024   Code   RO         2171    i.HAL_DMA_Abort_IT  stm32f4xx_hal_dma.o
    0x08000986   0x08000986   0x00000002   PAD
    0x08000988   0x08000988   0x00000024   Code   RO         2613    i.HAL_Delay         stm32f4xx_hal.o
    0x080009ac   0x080009ac   0x000001e0   Code   RO         2063    i.HAL_GPIO_Init     stm32f4xx_hal_gpio.o
    0x08000b8c   0x08000b8c   0x00000010   Code   RO         2066    i.HAL_GPIO_TogglePin  stm32f4xx_hal_gpio.o
    0x08000b9c   0x08000b9c   0x0000000a   Code   RO         2067    i.HAL_GPIO_WritePin  stm32f4xx_hal_gpio.o
    0x08000ba6   0x08000ba6   0x00000002   PAD
    0x08000ba8   0x08000ba8   0x0000000c   Code   RO         2619    i.HAL_GetTick       stm32f4xx_hal.o
    0x08000bb4   0x08000bb4   0x00000010   Code   RO         2625    i.HAL_IncTick       stm32f4xx_hal.o
    0x08000bc4   0x08000bc4   0x00000034   Code   RO         2626    i.HAL_Init          stm32f4xx_hal.o
    0x08000bf8   0x08000bf8   0x00000040   Code   RO         2627    i.HAL_InitTick      stm32f4xx_hal.o
    0x08000c38   0x08000c38   0x00000030   Code   RO          312    i.HAL_MspInit       stm32f4xx_hal_msp.o
    0x08000c68   0x08000c68   0x0000001a   Code   RO         2476    i.HAL_NVIC_EnableIRQ  stm32f4xx_hal_cortex.o
    0x08000c82   0x08000c82   0x00000002   PAD
    0x08000c84   0x08000c84   0x00000040   Code   RO         2482    i.HAL_NVIC_SetPriority  stm32f4xx_hal_cortex.o
    0x08000cc4   0x08000cc4   0x00000024   Code   RO         2483    i.HAL_NVIC_SetPriorityGrouping  stm32f4xx_hal_cortex.o
    0x08000ce8   0x08000ce8   0x00000134   Code   RO         1685    i.HAL_RCC_ClockConfig  stm32f4xx_hal_rcc.o
    0x08000e1c   0x08000e1c   0x00000020   Code   RO         1692    i.HAL_RCC_GetPCLK1Freq  stm32f4xx_hal_rcc.o
    0x08000e3c   0x08000e3c   0x00000020   Code   RO         1693    i.HAL_RCC_GetPCLK2Freq  stm32f4xx_hal_rcc.o
    0x08000e5c   0x08000e5c   0x00000064   Code   RO         1694    i.HAL_RCC_GetSysClockFreq  stm32f4xx_hal_rcc.o
    0x08000ec0   0x08000ec0   0x0000036c   Code   RO         1697    i.HAL_RCC_OscConfig  stm32f4xx_hal_rcc.o
    0x0800122c   0x0800122c   0x00000028   Code   RO         2487    i.HAL_SYSTICK_Config  stm32f4xx_hal_cortex.o
    0x08001254   0x08001254   0x00000002   Code   RO         1060    i.HAL_TIMEx_BreakCallback  stm32f4xx_hal_tim_ex.o
    0x08001256   0x08001256   0x00000002   Code   RO         1061    i.HAL_TIMEx_CommutCallback  stm32f4xx_hal_tim_ex.o
    0x08001258   0x08001258   0x00000002   Code   RO         1062    i.HAL_TIMEx_CommutHalfCpltCallback  stm32f4xx_hal_tim_ex.o
    0x0800125a   0x0800125a   0x00000002   PAD
    0x0800125c   0x0800125c   0x0000006c   Code   RO          338    i.HAL_TIM_Base_Init  stm32f4xx_hal_tim.o
    0x080012c8   0x080012c8   0x00000002   Code   RO          340    i.HAL_TIM_Base_MspInit  stm32f4xx_hal_tim.o
    0x080012ca   0x080012ca   0x00000002   PAD
    0x080012cc   0x080012cc   0x0000006c   Code   RO          343    i.HAL_TIM_Base_Start_IT  stm32f4xx_hal_tim.o
    0x08001338   0x08001338   0x00000002   Code   RO          368    i.HAL_TIM_ErrorCallback  stm32f4xx_hal_tim.o
    0x0800133a   0x0800133a   0x00000002   Code   RO          372    i.HAL_TIM_IC_CaptureCallback  stm32f4xx_hal_tim.o
    0x0800133c   0x0800133c   0x00000002   Code   RO          373    i.HAL_TIM_IC_CaptureHalfCpltCallback  stm32f4xx_hal_tim.o
    0x0800133e   0x0800133e   0x00000002   Code   RO          389    i.HAL_TIM_OC_DelayElapsedCallback  stm32f4xx_hal_tim.o
    0x08001340   0x08001340   0x00000002   Code   RO          416    i.HAL_TIM_PWM_PulseFinishedCallback  stm32f4xx_hal_tim.o
    0x08001342   0x08001342   0x00000002   Code   RO          417    i.HAL_TIM_PWM_PulseFinishedHalfCpltCallback  stm32f4xx_hal_tim.o
    0x08001344   0x08001344   0x00000002   Code   RO          424    i.HAL_TIM_PeriodElapsedCallback  stm32f4xx_hal_tim.o
    0x08001346   0x08001346   0x00000002   Code   RO          425    i.HAL_TIM_PeriodElapsedHalfCpltCallback  stm32f4xx_hal_tim.o
    0x08001348   0x08001348   0x00000002   Code   RO          430    i.HAL_TIM_TriggerCallback  stm32f4xx_hal_tim.o
    0x0800134a   0x0800134a   0x00000002   Code   RO          431    i.HAL_TIM_TriggerHalfCpltCallback  stm32f4xx_hal_tim.o
    0x0800134c   0x0800134c   0x00000002   Code   RO         1338    i.HAL_UARTEx_RxEventCallback  stm32f4xx_hal_uart.o
    0x0800134e   0x0800134e   0x00000002   Code   RO         1352    i.HAL_UART_ErrorCallback  stm32f4xx_hal_uart.o
    0x08001350   0x08001350   0x0000000a   Code   RO         1354    i.HAL_UART_GetState  stm32f4xx_hal_uart.o
    0x0800135a   0x0800135a   0x00000002   PAD
    0x0800135c   0x0800135c   0x00000268   Code   RO         1355    i.HAL_UART_IRQHandler  stm32f4xx_hal_uart.o
    0x080015c4   0x080015c4   0x00000062   Code   RO         1356    i.HAL_UART_Init     stm32f4xx_hal_uart.o
    0x08001626   0x08001626   0x00000002   PAD
    0x08001628   0x08001628   0x0000007c   Code   RO          195    i.HAL_UART_MspInit  usart.o
    0x080016a4   0x080016a4   0x0000002a   Code   RO         1361    i.HAL_UART_Receive_IT  stm32f4xx_hal_uart.o
    0x080016ce   0x080016ce   0x00000002   PAD
    0x080016d0   0x080016d0   0x00000058   Code   RO         3172    i.HAL_UART_RxCpltCallback  usart_vangao.o
    0x08001728   0x08001728   0x00000002   Code   RO         1367    i.HAL_UART_TxCpltCallback  stm32f4xx_hal_uart.o
    0x0800172a   0x0800172a   0x00000002   Code   RO          238    i.HardFault_Handler  stm32f4xx_it.o
    0x0800172c   0x0800172c   0x0000006c   Code   RO          170    i.MX_GPIO_Init      gpio.o
    0x08001798   0x08001798   0x00000038   Code   RO          196    i.MX_USART1_UART_Init  usart.o
    0x080017d0   0x080017d0   0x00000002   Code   RO          239    i.MemManage_Handler  stm32f4xx_it.o
    0x080017d2   0x080017d2   0x00000002   Code   RO          240    i.NMI_Handler       stm32f4xx_it.o
    0x080017d4   0x080017d4   0x00000002   Code   RO          241    i.PendSV_Handler    stm32f4xx_it.o
    0x080017d6   0x080017d6   0x00000002   Code   RO          242    i.SVC_Handler       stm32f4xx_it.o
    0x080017d8   0x080017d8   0x00000004   Code   RO          243    i.SysTick_Handler   stm32f4xx_it.o
    0x080017dc   0x080017dc   0x00000094   Code   RO           14    i.SystemClock_Config  main.o
    0x08001870   0x08001870   0x00000010   Code   RO         2865    i.SystemInit        system_stm32f4xx.o
    0x08001880   0x08001880   0x00000034   Code   RO         2902    i.TIM4_IRQHandler   usmart.o
    0x080018b4   0x080018b4   0x00000098   Code   RO          433    i.TIM_Base_SetConfig  stm32f4xx_hal_tim.o
    0x0800194c   0x0800194c   0x0000006c   Code   RO          450    i.TIM_ResetCallback  stm32f4xx_hal_tim.o
    0x080019b8   0x080019b8   0x00000054   Code   RO         2903    i.Timer4_Init       usmart.o
    0x08001a0c   0x08001a0c   0x00000010   Code   RO         1369    i.UART_DMAAbortOnError  stm32f4xx_hal_uart.o
    0x08001a1c   0x08001a1c   0x0000004e   Code   RO         1379    i.UART_EndRxTransfer  stm32f4xx_hal_uart.o
    0x08001a6a   0x08001a6a   0x000000c0   Code   RO         1381    i.UART_Receive_IT   stm32f4xx_hal_uart.o
    0x08001b2a   0x08001b2a   0x00000002   PAD
    0x08001b2c   0x08001b2c   0x0000010c   Code   RO         1382    i.UART_SetConfig    stm32f4xx_hal_uart.o
    0x08001c38   0x08001c38   0x00000036   Code   RO         1384    i.UART_Start_Receive_IT  stm32f4xx_hal_uart.o
    0x08001c6e   0x08001c6e   0x00000002   PAD
    0x08001c70   0x08001c70   0x0000002c   Code   RO         3173    i.USART1_IRQHandler  usart_vangao.o
    0x08001c9c   0x08001c9c   0x00000002   Code   RO          244    i.UsageFault_Handler  stm32f4xx_it.o
    0x08001c9e   0x08001c9e   0x00000020   Code   RO         2489    i.__NVIC_SetPriority  stm32f4xx_hal_cortex.o
    0x08001cbe   0x08001cbe   0x0000000e   Code   RO         3281    i._is_digit         c_w.l(__printf_wp.o)
    0x08001ccc   0x08001ccc   0x00000002   Code   RO         3174    i._sys_exit         usart_vangao.o
    0x08001cce   0x08001cce   0x0000001a   Code   RO         3107    i.delay_ms          delay.o
    0x08001ce8   0x08001ce8   0x00000034   Code   RO         3108    i.delay_us          delay.o
    0x08001d1c   0x08001d1c   0x00000014   Code   RO         3175    i.fputc             usart_vangao.o
    0x08001d30   0x08001d30   0x0000002c   Code   RO           15    i.main              main.o
    0x08001d5c   0x08001d5c   0x00000004   Code   RO         2904    i.read_addr         usmart.o
    0x08001d60   0x08001d60   0x00000094   Code   RO         2905    i.usmart_cmd_rec    usmart.o
    0x08001df4   0x08001df4   0x00000264   Code   RO         2906    i.usmart_exe        usmart.o
    0x08002058   0x08002058   0x000000a6   Code   RO         3027    i.usmart_get_aparm  usmart_str.o
    0x080020fe   0x080020fe   0x0000002e   Code   RO         3028    i.usmart_get_cmdname  usmart_str.o
    0x0800212c   0x0800212c   0x00000170   Code   RO         3029    i.usmart_get_fname  usmart_str.o
    0x0800229c   0x0800229c   0x000000d4   Code   RO         3030    i.usmart_get_fparam  usmart_str.o
    0x08002370   0x08002370   0x00000024   Code   RO         3031    i.usmart_get_parmpos  usmart_str.o
    0x08002394   0x08002394   0x00000030   Code   RO         2907    i.usmart_get_runtime  usmart.o
    0x080023c4   0x080023c4   0x00000028   Code   RO         2908    i.usmart_init       usmart.o
    0x080023ec   0x080023ec   0x00000010   Code   RO         3032    i.usmart_pow        usmart_str.o
    0x080023fc   0x080023fc   0x00000028   Code   RO         2909    i.usmart_reset_runtime  usmart.o
    0x08002424   0x08002424   0x000000a4   Code   RO         2910    i.usmart_scan       usmart.o
    0x080024c8   0x080024c8   0x00000010   Code   RO         3033    i.usmart_search_nextc  usmart_str.o
    0x080024d8   0x080024d8   0x000000d6   Code   RO         3034    i.usmart_str2num    usmart_str.o
    0x080025ae   0x080025ae   0x00000018   Code   RO         3035    i.usmart_strcmp     usmart_str.o
    0x080025c6   0x080025c6   0x00000012   Code   RO         3036    i.usmart_strcopy    usmart_str.o
    0x080025d8   0x080025d8   0x00000012   Code   RO         3037    i.usmart_strlen     usmart_str.o
    0x080025ea   0x080025ea   0x00000002   PAD
    0x080025ec   0x080025ec   0x00000680   Code   RO         2911    i.usmart_sys_cmd_exe  usmart.o
    0x08002c6c   0x08002c6c   0x00000004   Code   RO         2912    i.write_addr        usmart.o
    0x08002c70   0x08002c70   0x0000000a   Code   RO         3425    x$fpl$fpinit        fz_wm.l(fpinit.o)
    0x08002c7a   0x08002c7a   0x00000010   Data   RO         2866    .constdata          system_stm32f4xx.o
    0x08002c8a   0x08002c8a   0x00000008   Data   RO         2867    .constdata          system_stm32f4xx.o
    0x08002c92   0x08002c92   0x00000028   Data   RO         3254    .constdata          c_w.l(_printf_hex_int.o)
    0x08002cba   0x08002cba   0x00000011   Data   RO         3289    .constdata          c_w.l(__printf_flags_ss_wp.o)
    0x08002ccb   0x08002ccb   0x00000001   PAD
    0x08002ccc   0x08002ccc   0x00000028   Data   RO         2914    .conststring        usmart.o
    0x08002cf4   0x08002cf4   0x0000006b   Data   RO         2998    .conststring        usmart_config.o
    0x08002d5f   0x08002d5f   0x00000001   PAD
    0x08002d60   0x08002d60   0x00000020   Data   RO         3481    Region$$Table       anon$$obj.o


    Execution Region RW_IRAM1 (Exec base: 0x20000000, Load base: 0x08002d80, Size: 0x000009b0, Max: 0x00010000, ABSOLUTE, COMPRESSED[0x00000050])

    Exec Addr    Load Addr    Size         Type   Attr      Idx    E Section Name        Object

    0x20000000   COMPRESSED   0x0000000c   Data   RW         2633    .data               stm32f4xx_hal.o
    0x2000000c   COMPRESSED   0x00000004   Data   RW         2868    .data               system_stm32f4xx.o
    0x20000010   COMPRESSED   0x0000001c   Data   RW         2915    .data               usmart.o
    0x2000002c   COMPRESSED   0x00000020   Data   RW         2999    .data               usmart_config.o
    0x2000004c   COMPRESSED   0x000000f4   Data   RW         3000    .data               usmart_config.o
    0x20000140   COMPRESSED   0x00000004   Data   RW         3109    .data               delay.o
    0x20000144   COMPRESSED   0x00000004   Data   RW         3178    .data               usart_vangao.o
    0x20000148   COMPRESSED   0x00000004   Data   RW         3179    .data               usart_vangao.o
    0x2000014c        -       0x00000044   Zero   RW          197    .bss                usart.o
    0x20000190        -       0x000000b4   Zero   RW         2913    .bss                usmart.o
    0x20000244        -       0x0000010c   Zero   RW         3177    .bss                usart_vangao.o
    0x20000350        -       0x00000060   Zero   RW         3357    .bss                c_w.l(libspace.o)
    0x200003b0        -       0x00000200   Zero   RW            2    HEAP                startup_stm32f401xc.o
    0x200005b0        -       0x00000400   Zero   RW            1    STACK               startup_stm32f401xc.o


==============================================================================

Image component sizes


      Code (inc. data)   RO Data    RW Data    ZI Data      Debug   Object Name

        78          4          0          4          0       1434   delay.o
       108         10          0          0          0        923   gpio.o
       196         14          0          0          0     422484   main.o
        64         26        404          0       1536        844   startup_stm32f401xc.o
       180         28          0         12          0       9269   stm32f4xx_hal.o
       198         14          0          0          0      33947   stm32f4xx_hal_cortex.o
       182          0          0          0          0       2099   stm32f4xx_hal_dma.o
       506         34          0          0          0       2817   stm32f4xx_hal_gpio.o
        48          6          0          0          0        854   stm32f4xx_hal_msp.o
      1348         76          0          0          0       5240   stm32f4xx_hal_rcc.o
       498        106          0          0          0      10386   stm32f4xx_hal_tim.o
         6          0          0          0          0       1680   stm32f4xx_hal_tim_ex.o
      1380         16          0          0          0       9808   stm32f4xx_hal_uart.o
        20          0          0          0          0       4166   stm32f4xx_it.o
        16          4         24          4          0       1127   system_stm32f4xx.o
       180         22          0          0         68       1718   usart.o
       154         28          0          8        268       4242   usart_vangao.o
      2860       1354         40         28        180       8051   usmart.o
         0          0        107        276          0       1540   usmart_config.o
      1134         20          0          0          0       9439   usmart_str.o

    ----------------------------------------------------------------------
      9178       1762        608        332       2052     532068   Object Totals
         0          0         32          0          0          0   (incl. Generated)
        22          0          1          0          0          0   (incl. Padding)

    ----------------------------------------------------------------------

      Code (inc. data)   RO Data    RW Data    ZI Data      Debug   Library Member Name

        90          0          0          0          0          0   __dczerorl2.o
         8          0          0          0          0         68   __main.o
       392          4         17          0          0         92   __printf_flags_ss_wp.o
        14          0          0          0          0         68   __printf_wp.o
         0          0          0          0          0          0   __rtentry.o
        12          0          0          0          0          0   __rtentry2.o
         6          0          0          0          0          0   __rtentry4.o
        52          8          0          0          0          0   __scatter.o
        28          0          0          0          0          0   __scatter_zi.o
         6          0          0          0          0          0   _printf_c.o
        44          0          0          0          0        108   _printf_char.o
        48          6          0          0          0         96   _printf_char_common.o
        36          4          0          0          0         80   _printf_char_file.o
         6          0          0          0          0          0   _printf_d.o
       120         16          0          0          0         92   _printf_dec.o
        88          4         40          0          0         88   _printf_hex_int.o
       178          0          0          0          0         88   _printf_intcommon.o
        78          0          0          0          0        108   _printf_pad.o
         0          0          0          0          0          0   _printf_percent.o
         4          0          0          0          0          0   _printf_percent_end.o
         6          0          0          0          0          0   _printf_s.o
        82          0          0          0          0         80   _printf_str.o
         6          0          0          0          0          0   _printf_u.o
         6          0          0          0          0          0   _printf_x.o
        18          0          0          0          0         80   exit.o
         8          0          0          0          0         68   ferror.o
         6          0          0          0          0        152   heapauxi.o
         2          0          0          0          0          0   libinit.o
         6          0          0          0          0          0   libinit2.o
         2          0          0          0          0          0   libshutdown.o
         2          0          0          0          0          0   libshutdown2.o
         8          4          0          0         96         68   libspace.o
       238          0          0          0          0        100   lludivv7m.o
        24          4          0          0          0         84   noretval__2printf.o
        78          0          0          0          0         80   rt_memclr_w.o
         2          0          0          0          0          0   rtexit.o
        10          0          0          0          0          0   rtexit2.o
        74          0          0          0          0         80   sys_stackheap_outer.o
         2          0          0          0          0         68   use_no_semi.o
         2          0          0          0          0         68   use_no_semi_2.o
        10          0          0          0          0        116   fpinit.o

    ----------------------------------------------------------------------
      1804         50         58          0         96       1932   Library Totals
         2          0          1          0          0          0   (incl. Padding)

    ----------------------------------------------------------------------

      Code (inc. data)   RO Data    RW Data    ZI Data      Debug   Library Name

      1792         50         57          0         96       1816   c_w.l
        10          0          0          0          0        116   fz_wm.l

    ----------------------------------------------------------------------
      1804         50         58          0         96       1932   Library Totals

    ----------------------------------------------------------------------

==============================================================================


      Code (inc. data)   RO Data    RW Data    ZI Data      Debug   

     10982       1812        666        332       2148     524416   Grand Totals
     10982       1812        666         80       2148     524416   ELF Image Totals (compressed)
     10982       1812        666         80          0          0   ROM Totals

==============================================================================

    Total RO  Size (Code + RO Data)                11648 (  11.38kB)
    Total RW  Size (RW Data + ZI Data)              2480 (   2.42kB)
    Total ROM Size (Code + RO Data + RW Data)      11728 (  11.45kB)

==============================================================================

